
Discarded input sections

 .text          0x0000000000000000        0x0 build/hx20/RO/baseboard/fwk/baseboard.o
 .data          0x0000000000000000        0x0 build/hx20/RO/baseboard/fwk/baseboard.o
 .bss           0x0000000000000000        0x0 build/hx20/RO/baseboard/fwk/baseboard.o
 .debug_line    0x0000000000000000        0x0 build/hx20/RO/baseboard/fwk/baseboard.o
 .debug_str     0x0000000000000000      0x16f build/hx20/RO/baseboard/fwk/baseboard.o
 .comment       0x0000000000000000       0x27 build/hx20/RO/baseboard/fwk/baseboard.o
 .ARM.attributes
                0x0000000000000000       0x2c build/hx20/RO/baseboard/fwk/baseboard.o
 .text          0x0000000000000000        0x0 build/hx20/RO/baseboard/fwk/baseboard_host_commands.o
 .data          0x0000000000000000        0x0 build/hx20/RO/baseboard/fwk/baseboard_host_commands.o
 .bss           0x0000000000000000        0x0 build/hx20/RO/baseboard/fwk/baseboard_host_commands.o
 .ARM.attributes
                0x0000000000000000       0x2c build/hx20/RO/baseboard/fwk/baseboard_host_commands.o
 .text          0x0000000000000000        0x0 build/hx20/RO/baseboard/fwk/battery.o
 .text.board_batt_is_present
                0x0000000000000000        0xc build/hx20/RO/baseboard/fwk/battery.o
 .ARM.attributes
                0x0000000000000000       0x2c build/hx20/RO/baseboard/fwk/battery.o
 .text          0x0000000000000000        0x0 build/hx20/RO/baseboard/fwk/diagnostics.o
 .data          0x0000000000000000        0x0 build/hx20/RO/baseboard/fwk/diagnostics.o
 .ARM.attributes
                0x0000000000000000       0x2c build/hx20/RO/baseboard/fwk/diagnostics.o
 .text          0x0000000000000000        0x0 build/hx20/RO/baseboard/fwk/fan.o
 .ARM.attributes
                0x0000000000000000       0x2c build/hx20/RO/baseboard/fwk/fan.o
 .text          0x0000000000000000        0x0 build/hx20/RO/baseboard/fwk/flash_storage.o
 .data          0x0000000000000000        0x0 build/hx20/RO/baseboard/fwk/flash_storage.o
 .ARM.attributes
                0x0000000000000000       0x2c build/hx20/RO/baseboard/fwk/flash_storage.o
 .text          0x0000000000000000        0x0 build/hx20/RO/baseboard/fwk/ps2mouse.o
 .ARM.attributes
                0x0000000000000000       0x2c build/hx20/RO/baseboard/fwk/ps2mouse.o
 .text          0x0000000000000000        0x0 build/hx20/RO/board/hx20/board.o
 .text.board_reset_pd_mcu
                0x0000000000000000        0x2 build/hx20/RO/board/hx20/board.o
 .ARM.attributes
                0x0000000000000000       0x2c build/hx20/RO/board/hx20/board.o
 .text          0x0000000000000000        0x0 build/hx20/RO/board/hx20/cpu_power.o
 .ARM.attributes
                0x0000000000000000       0x2c build/hx20/RO/board/hx20/cpu_power.o
 .text          0x0000000000000000        0x0 build/hx20/RO/board/hx20/cypress5525.o
 .text.cypd_get_active_charging_port
                0x0000000000000000       0x3c build/hx20/RO/board/hx20/cypress5525.o
 .text.cypd_reset_source_ports
                0x0000000000000000       0x50 build/hx20/RO/board/hx20/cypress5525.o
 .text.cypd_set_source_pdo_mask
                0x0000000000000000       0x38 build/hx20/RO/board/hx20/cypress5525.o
 .text.pd_port_configuration_change
                0x0000000000000000       0xac build/hx20/RO/board/hx20/cypress5525.o
 .ARM.attributes
                0x0000000000000000       0x2c build/hx20/RO/board/hx20/cypress5525.o
 .text          0x0000000000000000        0x0 build/hx20/RO/board/hx20/host_command_customization.o
 .data          0x0000000000000000        0x0 build/hx20/RO/board/hx20/host_command_customization.o
 .bss           0x0000000000000000        0x0 build/hx20/RO/board/hx20/host_command_customization.o
 .ARM.attributes
                0x0000000000000000       0x2c build/hx20/RO/board/hx20/host_command_customization.o
 .text          0x0000000000000000        0x0 build/hx20/RO/board/hx20/i2c_hid_mediakeys.o
 .ARM.attributes
                0x0000000000000000       0x2c build/hx20/RO/board/hx20/i2c_hid_mediakeys.o
 .text          0x0000000000000000        0x0 build/hx20/RO/board/hx20/keyboard_customization.o
 .text.caps_status_check
                0x0000000000000000        0xc build/hx20/RO/board/hx20/keyboard_customization.o
 .ARM.attributes
                0x0000000000000000       0x2c build/hx20/RO/board/hx20/keyboard_customization.o
 .text          0x0000000000000000        0x0 build/hx20/RO/board/hx20/led.o
 .ARM.attributes
                0x0000000000000000       0x2c build/hx20/RO/board/hx20/led.o
 .text          0x0000000000000000        0x0 build/hx20/RO/board/hx20/peci_customization.o
 .data          0x0000000000000000        0x0 build/hx20/RO/board/hx20/peci_customization.o
 .text.peci_Rd_Pkg_Config
                0x0000000000000000       0x40 build/hx20/RO/board/hx20/peci_customization.o
 .ARM.attributes
                0x0000000000000000       0x2c build/hx20/RO/board/hx20/peci_customization.o
[...]
Memory Configuration

Name             Origin             Length             Attributes
FLASH            0x00000000000e1000 0x000000000002f000 xr
IRAM             0x0000000000110000 0x0000000000010000 rw
CDRAM            0x00000000000e1000 0x000000000002f000 xr
*default*        0x0000000000000000 0xffffffffffffffff

Linker script and memory map

LOAD build/hx20/RO/baseboard/fwk/baseboard.o
LOAD build/hx20/RO/baseboard/fwk/baseboard_host_commands.o
LOAD build/hx20/RO/baseboard/fwk/battery.o
LOAD build/hx20/RO/baseboard/fwk/diagnostics.o
LOAD build/hx20/RO/baseboard/fwk/fan.o
LOAD build/hx20/RO/baseboard/fwk/flash_storage.o
LOAD build/hx20/RO/baseboard/fwk/ps2mouse.o
LOAD build/hx20/RO/board/hx20/board.o
LOAD build/hx20/RO/board/hx20/cpu_power.o
LOAD build/hx20/RO/board/hx20/cypress5525.o
LOAD build/hx20/RO/board/hx20/host_command_customization.o
LOAD build/hx20/RO/board/hx20/i2c_hid_mediakeys.o
LOAD build/hx20/RO/board/hx20/keyboard_customization.o
LOAD build/hx20/RO/board/hx20/led.o
LOAD build/hx20/RO/board/hx20/peci_customization.o
LOAD build/hx20/RO/board/hx20/power_button_x86.o
LOAD build/hx20/RO/board/hx20/power_sequence.o
LOAD build/hx20/RO/board/hx20/ucsi.o
LOAD build/hx20/RO/chip/mchp/adc.o
LOAD build/hx20/RO/chip/mchp/clock.o
LOAD build/hx20/RO/chip/mchp/dma.o
LOAD build/hx20/RO/chip/mchp/espi.o
LOAD build/hx20/RO/chip/mchp/fan.o
LOAD build/hx20/RO/chip/mchp/flash.o
LOAD build/hx20/RO/chip/mchp/gpio.o
LOAD build/hx20/RO/chip/mchp/hwtimer.o
LOAD build/hx20/RO/chip/mchp/i2c.o
LOAD build/hx20/RO/chip/mchp/keyboard_raw.o
LOAD build/hx20/RO/chip/mchp/lpc.o
LOAD build/hx20/RO/chip/mchp/peci.o
LOAD build/hx20/RO/chip/mchp/port80.o
LOAD build/hx20/RO/chip/mchp/pwm.o
LOAD build/hx20/RO/chip/mchp/qmspi.o
LOAD build/hx20/RO/chip/mchp/spi.o
LOAD build/hx20/RO/chip/mchp/system.o
LOAD build/hx20/RO/chip/mchp/tfdp.o
LOAD build/hx20/RO/chip/mchp/uart.o
LOAD build/hx20/RO/chip/mchp/watchdog.o
LOAD build/hx20/RO/common/acpi.o
LOAD build/hx20/RO/common/adc.o
LOAD build/hx20/RO/common/battery.o
LOAD build/hx20/RO/common/charge_manager.o
LOAD build/hx20/RO/common/charge_state_v2.o
LOAD build/hx20/RO/common/charger.o
LOAD build/hx20/RO/common/chipset.o
LOAD build/hx20/RO/common/console.o
LOAD build/hx20/RO/common/console_output.o
LOAD build/hx20/RO/common/dptf.o
LOAD build/hx20/RO/common/ec_features.o
LOAD build/hx20/RO/common/espi.o
LOAD build/hx20/RO/common/extpower_common.o
LOAD build/hx20/RO/common/extpower_gpio.o
LOAD build/hx20/RO/common/fan.o
LOAD build/hx20/RO/common/flash.o
LOAD build/hx20/RO/common/fmap.o
LOAD build/hx20/RO/common/fpsensor/fpsensor_detect_strings.o
LOAD build/hx20/RO/common/gpio.o
LOAD build/hx20/RO/common/gpio_commands.o
LOAD build/hx20/RO/common/hooks.o
LOAD build/hx20/RO/common/host_command.o
LOAD build/hx20/RO/common/host_event_commands.o
LOAD build/hx20/RO/common/i2c_master.o
LOAD build/hx20/RO/common/i2c_slave.o
LOAD build/hx20/RO/common/init_rom.o
LOAD build/hx20/RO/common/keyboard_8042.o
LOAD build/hx20/RO/common/keyboard_8042_sharedlib.o
LOAD build/hx20/RO/common/keyboard_backlight.o
LOAD build/hx20/RO/common/keyboard_scan.o
LOAD build/hx20/RO/common/keyboard_vivaldi.o
LOAD build/hx20/RO/common/led_common.o
LOAD build/hx20/RO/common/led_pwm.o
LOAD build/hx20/RO/common/lid_switch.o
LOAD build/hx20/RO/common/main.o
LOAD build/hx20/RO/common/memory_commands.o
LOAD build/hx20/RO/common/panic_output.o
LOAD build/hx20/RO/common/peci.o
LOAD build/hx20/RO/common/peripheral.o
LOAD build/hx20/RO/common/port80.o
LOAD build/hx20/RO/common/power_button.o
LOAD build/hx20/RO/common/printf.o
LOAD build/hx20/RO/common/pwm.o
LOAD build/hx20/RO/common/queue.o
LOAD build/hx20/RO/common/queue_policies.o
LOAD build/hx20/RO/common/sha256.o
LOAD build/hx20/RO/common/shared_mem.o
LOAD build/hx20/RO/common/spi_commands.o
LOAD build/hx20/RO/common/spi_flash.o
LOAD build/hx20/RO/common/spi_flash_reg.o
LOAD build/hx20/RO/common/switch.o
LOAD build/hx20/RO/common/system.o
LOAD build/hx20/RO/common/temp_sensor.o
LOAD build/hx20/RO/common/thermal.o
LOAD build/hx20/RO/common/throttle_ap.o
LOAD build/hx20/RO/common/timer.o
LOAD build/hx20/RO/common/uart_buffering.o
LOAD build/hx20/RO/common/uptime.o
LOAD build/hx20/RO/common/util.o
LOAD build/hx20/RO/common/version.o
LOAD build/hx20/RO/common/vstore.o
LOAD build/hx20/RO/core/cortex-m/cpu.o
LOAD build/hx20/RO/core/cortex-m/init.o
LOAD build/hx20/RO/core/cortex-m/ldivmod.o
LOAD build/hx20/RO/core/cortex-m/llsr.o
LOAD build/hx20/RO/core/cortex-m/panic.o
LOAD build/hx20/RO/core/cortex-m/switch.o
LOAD build/hx20/RO/core/cortex-m/task.o
LOAD build/hx20/RO/core/cortex-m/uldivmod.o
LOAD build/hx20/RO/core/cortex-m/vecttable.o
LOAD build/hx20/RO/core/cortex-m/watchdog.o
LOAD build/hx20/RO/driver/battery/smart.o
LOAD build/hx20/RO/driver/charger/isl9241.o
LOAD build/hx20/RO/driver/temp_sensor/f75303.o
LOAD build/hx20/RO/power/common.o
LOAD build/hx20/RO/power/host_sleep.o

.text           0x00000000000e1000    0x18088
                0x00000000000e1000                . = (. + 0x0)
 *(.text.vecttable)
 .text.vecttable
                0x00000000000e1000      0x2f0 build/hx20/RO/core/cortex-m/vecttable.o
                0x00000000000e1000                vectors
                0x00000000000e12f0                . = ALIGN (0x4)
                0x00000000000e12f0                __image_data_offset = .
 *(.rodata.ver)
 .rodata.ver    0x00000000000e12f0       0x30 build/hx20/RO/common/version.o
                0x00000000000e12f0                current_image_data
                0x00000000000e1320                . = ALIGN (0x4)
 *(.rodata.pstate)
                0x00000000000e1320                . = ALIGN (0x4)
 build/hx20/RO/core/cortex-m/init.o(.text)
 .text          0x00000000000e1320       0x68 build/hx20/RO/core/cortex-m/init.o
                0x00000000000e1320                reset
                0x00000000000e1378                __aeabi_unwind_cpp_pr0
                0x00000000000e1378                __aeabi_unwind_cpp_pr2
                0x00000000000e1378                __aeabi_unwind_cpp_pr1
                0x00000000000e1388                . = ALIGN (0x4)
 *(.after_init)
                0x00000000000e1388                __after_init_end = .
 *(.text*)
 .text.privacy_switches_check
                0x00000000000e1388       0x40 build/hx20/RO/baseboard/fwk/baseboard_host_commands.o
 .text.battery_percentage_control
                0x00000000000e13c8       0x88 build/hx20/RO/baseboard/fwk/battery.o
 .text.cmd_charging_limit_control
                0x00000000000e1450       0x6c build/hx20/RO/baseboard/fwk/battery.o
 .text.battery_get_info
                0x00000000000e14bc        0x8 build/hx20/RO/baseboard/fwk/battery.o
                0x00000000000e14bc                battery_get_info
 .text.board_cut_off_battery
                0x00000000000e14c4       0x58 build/hx20/RO/baseboard/fwk/battery.o
                0x00000000000e14c4                board_cut_off_battery
 .text.battery_charger_notify
                0x00000000000e151c       0x1c build/hx20/RO/baseboard/fwk/battery.o
                0x00000000000e151c                battery_charger_notify
 .text.battery_is_present
                0x00000000000e1538       0x50 build/hx20/RO/baseboard/fwk/battery.o
                0x00000000000e1538                battery_is_present
 .text.battery_customize
                0x00000000000e1588      0x1b8 build/hx20/RO/baseboard/fwk/battery.o
                0x00000000000e1588                battery_customize
 .text.board_battery_compensate_params
                0x00000000000e1740       0xf8 build/hx20/RO/baseboard/fwk/battery.o
                0x00000000000e1740                board_battery_compensate_params
 .text.set_diagnostic_leds
                0x00000000000e1838       0x18 build/hx20/RO/baseboard/fwk/diagnostics.o
 .text.diagnostic_check_tempsensor_deferred
                0x00000000000e1850       0xf4 build/hx20/RO/baseboard/fwk/diagnostics.o
 .text.diagnostics_check_devices
                0x00000000000e1944       0x10 build/hx20/RO/baseboard/fwk/diagnostics.o
 .text.set_standalone_mode
                0x00000000000e1954       0x1c build/hx20/RO/baseboard/fwk/diagnostics.o
                0x00000000000e1954                set_standalone_mode
 .text.get_standalone_mode
                0x00000000000e1970        0xc build/hx20/RO/baseboard/fwk/diagnostics.o
                0x00000000000e1970                get_standalone_mode
 .text.reset_diagnostics
                0x00000000000e197c       0x1c build/hx20/RO/baseboard/fwk/diagnostics.o
                0x00000000000e197c                reset_diagnostics
 .text.cancel_diagnostics
                0x00000000000e1998        0xc build/hx20/RO/baseboard/fwk/diagnostics.o
                0x00000000000e1998                cancel_diagnostics
 .text.diagnostics_tick
                0x00000000000e19a4       0xf8 build/hx20/RO/baseboard/fwk/diagnostics.o
                0x00000000000e19a4                diagnostics_tick
 .text.set_hw_diagnostic
                0x00000000000e1a9c       0x1c build/hx20/RO/baseboard/fwk/diagnostics.o
                0x00000000000e1a9c                set_hw_diagnostic
 .text.set_bios_diagnostic
                0x00000000000e1ab8       0x3c build/hx20/RO/baseboard/fwk/diagnostics.o
                0x00000000000e1ab8                set_bios_diagnostic
 .text.fan_get_enabled
                0x00000000000e1af4        0x6 build/hx20/RO/baseboard/fwk/fan.o
                0x00000000000e1af4                fan_get_enabled
 *fill*         0x00000000000e1afa        0x2 
 .text.fan_rpm_to_percent
                0x00000000000e1afc       0x74 build/hx20/RO/baseboard/fwk/fan.o
                0x00000000000e1afc                fan_rpm_to_percent
 .text.fan_set_duty
                0x00000000000e1b70       0x20 build/hx20/RO/baseboard/fwk/fan.o
                0x00000000000e1b70                fan_set_duty
 .text.fan_get_duty
                0x00000000000e1b90       0x14 build/hx20/RO/baseboard/fwk/fan.o
                0x00000000000e1b90                fan_get_duty
 .text.fan_get_rpm_mode
                0x00000000000e1ba4        0xc build/hx20/RO/baseboard/fwk/fan.o
                0x00000000000e1ba4                fan_get_rpm_mode
 .text.fan_set_rpm_mode
                0x00000000000e1bb0        0xc build/hx20/RO/baseboard/fwk/fan.o
                0x00000000000e1bb0                fan_set_rpm_mode
 .text.fan_get_rpm_actual
                0x00000000000e1bbc       0x4c build/hx20/RO/baseboard/fwk/fan.o
                0x00000000000e1bbc                fan_get_rpm_actual
 .text.hc_pwm_get_fan_actual_rpm
                0x00000000000e1c08       0x30 build/hx20/RO/baseboard/fwk/fan.o
 .text.fan_get_rpm_target
                0x00000000000e1c38       0x18 build/hx20/RO/baseboard/fwk/fan.o
                0x00000000000e1c38                fan_get_rpm_target
 .text.fan_set_rpm_target
                0x00000000000e1c50       0xe0 build/hx20/RO/baseboard/fwk/fan.o
                0x00000000000e1c50                fan_set_rpm_target
 .text.fan_set_enabled
                0x00000000000e1d30       0x54 build/hx20/RO/baseboard/fwk/fan.o
                0x00000000000e1d30                fan_set_enabled
 .text.fan_get_status
                0x00000000000e1d84       0x64 build/hx20/RO/baseboard/fwk/fan.o
                0x00000000000e1d84                fan_get_status
 .text.fan_is_stalled
                0x00000000000e1de8       0x22 build/hx20/RO/baseboard/fwk/fan.o
                0x00000000000e1de8                fan_is_stalled
 *fill*         0x00000000000e1e0a        0x2 
 .text.fan_channel_setup
                0x00000000000e1e0c       0x4c build/hx20/RO/baseboard/fwk/fan.o
                0x00000000000e1e0c                fan_channel_setup
 .text.check_flags_valid_header
                0x00000000000e1e58       0x5c build/hx20/RO/baseboard/fwk/flash_storage.o
                0x00000000000e1e58                check_flags_valid_header
 .text.flash_storage_load_defaults
                0x00000000000e1eb4       0x4c build/hx20/RO/baseboard/fwk/flash_storage.o
                0x00000000000e1eb4                flash_storage_load_defaults
 .text.flash_storage_initialize
                0x00000000000e1f00       0x48 build/hx20/RO/baseboard/fwk/flash_storage.o
                0x00000000000e1f00                flash_storage_initialize
 .text.flash_storage_update
                0x00000000000e1f48       0x34 build/hx20/RO/baseboard/fwk/flash_storage.o
                0x00000000000e1f48                flash_storage_update
 .text.flash_storage_commit
                0x00000000000e1f7c       0xbc build/hx20/RO/baseboard/fwk/flash_storage.o
                0x00000000000e1f7c                flash_storage_commit
 .text.flash_storage_get
                0x00000000000e2038       0x24 build/hx20/RO/baseboard/fwk/flash_storage.o
                0x00000000000e2038                flash_storage_get
 .text.cmd_flash_flags
                0x00000000000e205c       0x84 build/hx20/RO/baseboard/fwk/flash_storage.o
 .text.ps2mouse_powerstate_change
                0x00000000000e20e0       0x10 build/hx20/RO/baseboard/fwk/ps2mouse.o
 .text.retry_tp_read_evt_deferred
                0x00000000000e20f0       0x10 build/hx20/RO/baseboard/fwk/ps2mouse.o
 .text.send_data_byte
                0x00000000000e2100       0x26 build/hx20/RO/baseboard/fwk/ps2mouse.o
                0x00000000000e2100                send_data_byte
 *fill*         0x00000000000e2126        0x2 
 .text.send_movement_packet
                0x00000000000e2128       0x74 build/hx20/RO/baseboard/fwk/ps2mouse.o
                0x00000000000e2128                send_movement_packet
 .text.command_emumouse
                0x00000000000e219c      0x190 build/hx20/RO/baseboard/fwk/ps2mouse.o
 .text.send_aux_data_to_device
                0x00000000000e232c       0x14 build/hx20/RO/baseboard/fwk/ps2mouse.o
                0x00000000000e232c                send_aux_data_to_device
 .text.process_request
                0x00000000000e2340      0x17c build/hx20/RO/baseboard/fwk/ps2mouse.o
                0x00000000000e2340                process_request
 .text.touchpad_i2c_interrupt
                0x00000000000e24bc       0x30 build/hx20/RO/baseboard/fwk/ps2mouse.o
                0x00000000000e24bc                touchpad_i2c_interrupt
 .text.touchpad_interrupt
                0x00000000000e24ec       0x6c build/hx20/RO/baseboard/fwk/ps2mouse.o
                0x00000000000e24ec                touchpad_interrupt
 .text.set_ps2_mouse_emulation
                0x00000000000e2558       0x18 build/hx20/RO/baseboard/fwk/ps2mouse.o
                0x00000000000e2558                set_ps2_mouse_emulation
 .text.set_power
                0x00000000000e2570       0x1c build/hx20/RO/baseboard/fwk/ps2mouse.o
                0x00000000000e2570                set_power
 .text.set_reset
                0x00000000000e258c       0x1a build/hx20/RO/baseboard/fwk/ps2mouse.o
                0x00000000000e258c                set_reset
 *fill*         0x00000000000e25a6        0x2 
 .text.setup_touchpad
                0x00000000000e25a8       0x34 build/hx20/RO/baseboard/fwk/ps2mouse.o
                0x00000000000e25a8                setup_touchpad
 .text.read_touchpad_in_report
                0x00000000000e25dc      0x1c8 build/hx20/RO/baseboard/fwk/ps2mouse.o
                0x00000000000e25dc                read_touchpad_in_report
 .text.mouse_interrupt_handler_task
                0x00000000000e27a4      0x18c build/hx20/RO/baseboard/fwk/ps2mouse.o
                0x00000000000e27a4                mouse_interrupt_handler_task
 .text.vci_init
                0x00000000000e2930       0x48 build/hx20/RO/board/hx20/board.o
 .text.chassis_control_interrupt
                0x00000000000e2978        0x2 build/hx20/RO/board/hx20/board.o
                0x00000000000e2978                chassis_control_interrupt
 *fill*         0x00000000000e297a        0x2 
 .text.setup_fans
                0x00000000000e297c       0x54 build/hx20/RO/board/hx20/board.o
 .text.bkoff_on_deferred
                0x00000000000e29d0        0x8 build/hx20/RO/board/hx20/board.o
 .text.host_chassis_intrusion_control
                0x00000000000e29d8       0x6c build/hx20/RO/board/hx20/board.o
 .text.mainboard_power_button_interrupt
                0x00000000000e2a44       0x24 build/hx20/RO/board/hx20/board.o
                0x00000000000e2a44                mainboard_power_button_interrupt
 .text.charger_chips_init
                0x00000000000e2a68       0xb4 build/hx20/RO/board/hx20/board.o
 .text.charger_chips_init_retry
                0x00000000000e2b1c        0x4 build/hx20/RO/board/hx20/board.o
                0x00000000000e2b1c                charger_chips_init_retry
 .text.charger_update
                0x00000000000e2b20       0xa0 build/hx20/RO/board/hx20/board.o
                0x00000000000e2b20                charger_update
 .text.fingerprint_ctrl_detection_deferred
                0x00000000000e2bc0       0xa0 build/hx20/RO/board/hx20/board.o
 .text.check_chassis_open
                0x00000000000e2c60       0x7c build/hx20/RO/board/hx20/board.o
 .text.soc_signal_interrupt
                0x00000000000e2cdc       0x28 build/hx20/RO/board/hx20/board.o
                0x00000000000e2cdc                soc_signal_interrupt
 .text.mainboard_power_button_change_deferred
                0x00000000000e2d04       0x38 build/hx20/RO/board/hx20/board.o
 .text.fingerprint_power_button_change_deferred
                0x00000000000e2d3c       0x2c build/hx20/RO/board/hx20/board.o
 .text.fingerprint_power_button_interrupt
                0x00000000000e2d68       0x30 build/hx20/RO/board/hx20/board.o
                0x00000000000e2d68                fingerprint_power_button_interrupt
 .text.cmd_bbram
                0x00000000000e2d98       0x38 build/hx20/RO/board/hx20/board.o
 .text.uart_deepsleep_interrupt
                0x00000000000e2dd0        0x2 build/hx20/RO/board/hx20/board.o
 *fill*         0x00000000000e2dd2        0x2 
 .text.board_config_pre_init
                0x00000000000e2dd4       0x20 build/hx20/RO/board/hx20/board.o
                0x00000000000e2dd4                board_config_pre_init
 .text.reconfigure_kbbl_pwm_frquency
                0x00000000000e2df4       0x30 build/hx20/RO/board/hx20/board.o
                0x00000000000e2df4                reconfigure_kbbl_pwm_frquency
 .text.board_i2c_p2c
                0x00000000000e2e24       0x24 build/hx20/RO/board/hx20/board.o
                0x00000000000e2e24                board_i2c_p2c
 .text.spi_mux_control
                0x00000000000e2e48       0x28 build/hx20/RO/board/hx20/board.o
                0x00000000000e2e48                spi_mux_control
 .text.cmd_spimux
                0x00000000000e2e70       0x26 build/hx20/RO/board/hx20/board.o
 *fill*         0x00000000000e2e96        0x2 
 .text.poweron_reason_powerbtn
                0x00000000000e2e98        0xc build/hx20/RO/board/hx20/board.o
                0x00000000000e2e98                poweron_reason_powerbtn
 .text.board_power_off
                0x00000000000e2ea4       0x24 build/hx20/RO/board/hx20/board.o
                0x00000000000e2ea4                board_power_off
 .text.cancel_board_power_off
                0x00000000000e2ec8       0x20 build/hx20/RO/board/hx20/board.o
                0x00000000000e2ec8                cancel_board_power_off
 .text.ac_boot_status
                0x00000000000e2ee8       0x10 build/hx20/RO/board/hx20/board.o
                0x00000000000e2ee8                ac_boot_status
 .text.board_extpower
                0x00000000000e2ef8       0x50 build/hx20/RO/board/hx20/board.o
 .text.charge_gate_onoff
                0x00000000000e2f48       0xa4 build/hx20/RO/board/hx20/board.o
                0x00000000000e2f48                charge_gate_onoff
 .text.charger_psys_enable
                0x00000000000e2fec       0xb0 build/hx20/RO/board/hx20/board.o
                0x00000000000e2fec                charger_psys_enable
 .text.board_power_off_deferred
                0x00000000000e309c       0x4c build/hx20/RO/board/hx20/board.o
 .text.cmd_ecoff
                0x00000000000e30e8        0x6 build/hx20/RO/board/hx20/board.o
 *fill*         0x00000000000e30ee        0x2 
 .text.board_chipset_shutdown
                0x00000000000e30f0       0x2c build/hx20/RO/board/hx20/board.o
 .text.board_chipset_resume
                0x00000000000e311c       0x28 build/hx20/RO/board/hx20/board.o
 .text.board_chipset_suspend
                0x00000000000e3144       0x30 build/hx20/RO/board/hx20/board.o
 .text.board_hibernate
                0x00000000000e3174        0x6 build/hx20/RO/board/hx20/board.o
                0x00000000000e3174                board_hibernate
 .text.board_hibernate_late
                0x00000000000e317a        0x8 build/hx20/RO/board/hx20/board.o
                0x00000000000e317a                board_hibernate_late
 *fill*         0x00000000000e3182        0x2 
 .text.get_hardware_id
                0x00000000000e3184       0x60 build/hx20/RO/board/hx20/board.o
                0x00000000000e3184                get_hardware_id
 .text.board_get_version
                0x00000000000e31e4       0x18 build/hx20/RO/board/hx20/board.o
                0x00000000000e31e4                board_get_version
 .text.board_init
                0x00000000000e31fc       0x56 build/hx20/RO/board/hx20/board.o
 *fill*         0x00000000000e3252        0x2 
 .text.board_chipset_startup
                0x00000000000e3254       0x2c build/hx20/RO/board/hx20/board.o
 .text.check_deferred_time
                0x00000000000e3280       0x6c build/hx20/RO/board/hx20/board.o
                0x00000000000e3280                check_deferred_time
 .text.prochot_monitor
                0x00000000000e32ec       0x58 build/hx20/RO/board/hx20/board.o
                0x00000000000e32ec                prochot_monitor
 .text.set_pl_limits
                0x00000000000e3344       0x22 build/hx20/RO/board/hx20/cpu_power.o
                0x00000000000e3344                set_pl_limits
 *fill*         0x00000000000e3366        0x2 
 .text.update_soc_power_limit
                0x00000000000e3368       0xe8 build/hx20/RO/board/hx20/cpu_power.o
                0x00000000000e3368                update_soc_power_limit
 .text.update_soc_power_limit_hook
                0x00000000000e3450        0x8 build/hx20/RO/board/hx20/cpu_power.o
                0x00000000000e3450                update_soc_power_limit_hook
 .text.cmd_cpupower
                0x00000000000e3458       0xf0 build/hx20/RO/board/hx20/cpu_power.o
 .text.pd0_chip_interrupt_deferred
                0x00000000000e3548        0xa build/hx20/RO/board/hx20/cypress5525.o
                0x00000000000e3548                pd0_chip_interrupt_deferred
 .text.pd1_chip_interrupt_deferred
                0x00000000000e3552        0xa build/hx20/RO/board/hx20/cypress5525.o
                0x00000000000e3552                pd1_chip_interrupt_deferred
 .text.update_power_limit_deferred
                0x00000000000e355c        0x8 build/hx20/RO/board/hx20/cypress5525.o
 .text.pd_bb_powerdown_deferred
                0x00000000000e3564       0x30 build/hx20/RO/board/hx20/cypress5525.o
                0x00000000000e3564                pd_bb_powerdown_deferred
 .text.set_pd_fw_update
                0x00000000000e3594        0xc build/hx20/RO/board/hx20/cypress5525.o
                0x00000000000e3594                set_pd_fw_update
 .text.pd_extpower_is_present
                0x00000000000e35a0       0x44 build/hx20/RO/board/hx20/cypress5525.o
                0x00000000000e35a0                pd_extpower_is_present
 .text.pd_extpower_deferred
                0x00000000000e35e4       0x28 build/hx20/RO/board/hx20/cypress5525.o
 .text.pd_extpower_init
                0x00000000000e360c       0x2c build/hx20/RO/board/hx20/cypress5525.o
                0x00000000000e360c                pd_extpower_init
 .text.pd_extpower_is_present_interrupt
                0x00000000000e3638       0x10 build/hx20/RO/board/hx20/cypress5525.o
                0x00000000000e3638                pd_extpower_is_present_interrupt
 .text.cypd_write_reg_block
                0x00000000000e3648       0x40 build/hx20/RO/board/hx20/cypress5525.o
                0x00000000000e3648                cypd_write_reg_block
 .text.cypd_write_reg16
                0x00000000000e3688       0x44 build/hx20/RO/board/hx20/cypress5525.o
                0x00000000000e3688                cypd_write_reg16
 .text.cmd_cypd_msg
                0x00000000000e36cc       0xb8 build/hx20/RO/board/hx20/cypress5525.o
 .text.cypd_write_reg8
                0x00000000000e3784       0x44 build/hx20/RO/board/hx20/cypress5525.o
                0x00000000000e3784                cypd_write_reg8
 .text.cypd_read_reg_block
                0x00000000000e37c8       0x40 build/hx20/RO/board/hx20/cypress5525.o
                0x00000000000e37c8                cypd_read_reg_block
 .text.cypd_read_reg16
                0x00000000000e3808       0x44 build/hx20/RO/board/hx20/cypress5525.o
                0x00000000000e3808                cypd_read_reg16
 .text.cypd_read_reg8
                0x00000000000e384c       0x44 build/hx20/RO/board/hx20/cypress5525.o
                0x00000000000e384c                cypd_read_reg8
 .text.cypd_get_int
                0x00000000000e3890       0x2c build/hx20/RO/board/hx20/cypress5525.o
                0x00000000000e3890                cypd_get_int
 .text.cypd_clear_int
                0x00000000000e38bc       0x30 build/hx20/RO/board/hx20/cypress5525.o
                0x00000000000e38bc                cypd_clear_int
 .text.cyp5525_reset
                0x00000000000e38ec        0xa build/hx20/RO/board/hx20/cypress5525.o
                0x00000000000e38ec                cyp5525_reset
 *fill*         0x00000000000e38f6        0x2 
 .text.cyp5225_wait_for_ack
                0x00000000000e38f8       0x58 build/hx20/RO/board/hx20/cypress5525.o
                0x00000000000e38f8                cyp5225_wait_for_ack
 .text.cypd_write_reg8_wait_ack
                0x00000000000e3950       0x5c build/hx20/RO/board/hx20/cypress5525.o
                0x00000000000e3950                cypd_write_reg8_wait_ack
 .text.cypd_write_reg16_wait_ack
                0x00000000000e39ac       0x64 build/hx20/RO/board/hx20/cypress5525.o
                0x00000000000e39ac                cypd_write_reg16_wait_ack
 .text.cypd_set_power_state
                0x00000000000e3a10       0x34 build/hx20/RO/board/hx20/cypress5525.o
                0x00000000000e3a10                cypd_set_power_state
 .text.cypd_charger_init_complete
                0x00000000000e3a44        0xc build/hx20/RO/board/hx20/cypress5525.o
                0x00000000000e3a44                cypd_charger_init_complete
 .text.cypd_update_power
                0x00000000000e3a50       0x24 build/hx20/RO/board/hx20/cypress5525.o
                0x00000000000e3a50                cypd_update_power
 .text.cypd_update_power_status
                0x00000000000e3a74       0x4c build/hx20/RO/board/hx20/cypress5525.o
                0x00000000000e3a74                cypd_update_power_status
 .text.enable_compliance_mode
                0x00000000000e3ac0       0x44 build/hx20/RO/board/hx20/cypress5525.o
                0x00000000000e3ac0                enable_compliance_mode
 .text.cmd_cypd_bb
                0x00000000000e3b04       0x88 build/hx20/RO/board/hx20/cypress5525.o
 .text.entry_tbt_mode
                0x00000000000e3b8c       0x20 build/hx20/RO/board/hx20/cypress5525.o
                0x00000000000e3b8c                entry_tbt_mode
 .text.exit_tbt_mode
                0x00000000000e3bac       0x20 build/hx20/RO/board/hx20/cypress5525.o
                0x00000000000e3bac                exit_tbt_mode
 .text.check_tbt_mode
                0x00000000000e3bcc       0x20 build/hx20/RO/board/hx20/cypress5525.o
                0x00000000000e3bcc                check_tbt_mode
 .text.cypd_bb_retimer_cmd
                0x00000000000e3bec       0x1c build/hx20/RO/board/hx20/cypress5525.o
                0x00000000000e3bec                cypd_bb_retimer_cmd
 .text.update_system_power_state
                0x00000000000e3c08       0x20 build/hx20/RO/board/hx20/cypress5525.o
                0x00000000000e3c08                update_system_power_state
 .text.cyp5525_setup
                0x00000000000e3c28       0xf0 build/hx20/RO/board/hx20/cypress5525.o
                0x00000000000e3c28                cyp5525_setup
 .text.cypd_set_source_pdo
                0x00000000000e3d18       0x78 build/hx20/RO/board/hx20/cypress5525.o
                0x00000000000e3d18                cypd_set_source_pdo
 .text.cmd_cypd_control
                0x00000000000e3d90      0x1f8 build/hx20/RO/board/hx20/cypress5525.o
 .text.cypd_send_msg
                0x00000000000e3f88       0x74 build/hx20/RO/board/hx20/cypress5525.o
                0x00000000000e3f88                cypd_send_msg
 .text.cypd_response_get_battery_capability
                0x00000000000e3ffc       0xe0 build/hx20/RO/board/hx20/cypress5525.o
                0x00000000000e3ffc                cypd_response_get_battery_capability
 .text.cypd_response_get_battery_status
                0x00000000000e40dc       0xc8 build/hx20/RO/board/hx20/cypress5525.o
                0x00000000000e40dc                cypd_response_get_battery_status
 .text.cypd_handle_extend_msg
                0x00000000000e41a4       0xd8 build/hx20/RO/board/hx20/cypress5525.o
                0x00000000000e41a4                cypd_handle_extend_msg
 .text.cypd_update_port_state
                0x00000000000e427c      0x1b8 build/hx20/RO/board/hx20/cypress5525.o
                0x00000000000e427c                cypd_update_port_state
 .text.cypd_print_version
                0x00000000000e4434       0x34 build/hx20/RO/board/hx20/cypress5525.o
                0x00000000000e4434                cypd_print_version
 .text.cyp5525_get_version
                0x00000000000e4468       0x50 build/hx20/RO/board/hx20/cypress5525.o
                0x00000000000e4468                cyp5525_get_version
 .text.cypd_enque_evt
                0x00000000000e44b8        0xa build/hx20/RO/board/hx20/cypress5525.o
                0x00000000000e44b8                cypd_enque_evt
 *fill*         0x00000000000e44c2        0x2 
 .text.cypd_set_retimer_power
                0x00000000000e44c4       0x1c build/hx20/RO/board/hx20/cypress5525.o
                0x00000000000e44c4                cypd_set_retimer_power
 .text.cypd_set_power_active
                0x00000000000e44e0        0x8 build/hx20/RO/board/hx20/cypress5525.o
                0x00000000000e44e0                cypd_set_power_active
 .text.cypd_handle_state
                0x00000000000e44e8      0x130 build/hx20/RO/board/hx20/cypress5525.o
                0x00000000000e44e8                cypd_handle_state
 .text.pd0_chip_interrupt
                0x00000000000e4618       0x3c build/hx20/RO/board/hx20/cypress5525.o
                0x00000000000e4618                pd0_chip_interrupt
 .text.pd1_chip_interrupt
                0x00000000000e4654        0x4 build/hx20/RO/board/hx20/cypress5525.o
                0x00000000000e4654                pd1_chip_interrupt
 .text.soc_plt_reset_interrupt
                0x00000000000e4658        0x2 build/hx20/RO/board/hx20/cypress5525.o
                0x00000000000e4658                soc_plt_reset_interrupt
 *fill*         0x00000000000e465a        0x2 
 .text.cypd_reinitialize
                0x00000000000e465c       0x24 build/hx20/RO/board/hx20/cypress5525.o
                0x00000000000e465c                cypd_reinitialize
 .text.cypd_get_pps_power_budget
                0x00000000000e4680        0x4 build/hx20/RO/board/hx20/cypress5525.o
                0x00000000000e4680                cypd_get_pps_power_budget
 .text.pd_send_host_event
                0x00000000000e4684        0x2 build/hx20/RO/board/hx20/cypress5525.o
                0x00000000000e4684                pd_send_host_event
 .text.board_get_usb_pd_port_count
                0x00000000000e4686        0x4 build/hx20/RO/board/hx20/cypress5525.o
                0x00000000000e4686                board_get_usb_pd_port_count
 *fill*         0x00000000000e468a        0x2 
 .text.pd_get_power_role
                0x00000000000e468c       0x10 build/hx20/RO/board/hx20/cypress5525.o
                0x00000000000e468c                pd_get_power_role
 .text.pd_is_connected
                0x00000000000e469c       0x18 build/hx20/RO/board/hx20/cypress5525.o
                0x00000000000e469c                pd_is_connected
 .text.pd_request_power_swap
                0x00000000000e46b4       0x14 build/hx20/RO/board/hx20/cypress5525.o
                0x00000000000e46b4                pd_request_power_swap
 .text.pd_set_new_power_request
                0x00000000000e46c8       0x14 build/hx20/RO/board/hx20/cypress5525.o
                0x00000000000e46c8                pd_set_new_power_request
 .text.board_set_active_charge_port
                0x00000000000e46dc       0xe8 build/hx20/RO/board/hx20/cypress5525.o
                0x00000000000e46dc                board_set_active_charge_port
 .text.board_set_charge_limit
                0x00000000000e47c4       0x48 build/hx20/RO/board/hx20/cypress5525.o
                0x00000000000e47c4                board_set_charge_limit
 .text.print_pd_response_code
                0x00000000000e480c       0x48 build/hx20/RO/board/hx20/cypress5525.o
                0x00000000000e480c                print_pd_response_code
 .text.cyp5525_port_int
                0x00000000000e4854      0x15c build/hx20/RO/board/hx20/cypress5525.o
                0x00000000000e4854                cyp5525_port_int
 .text.cyp5525_device_int
                0x00000000000e49b0       0x68 build/hx20/RO/board/hx20/cypress5525.o
                0x00000000000e49b0                cyp5525_device_int
 .text.cyp5525_interrupt
                0x00000000000e4a18       0x66 build/hx20/RO/board/hx20/cypress5525.o
                0x00000000000e4a18                cyp5525_interrupt
 *fill*         0x00000000000e4a7e        0x2 
 .text.cypd_interrupt_handler_task
                0x00000000000e4a80      0x134 build/hx20/RO/board/hx20/cypress5525.o
                0x00000000000e4a80                cypd_interrupt_handler_task
 .text.cypd_print_buff
                0x00000000000e4bb4       0x40 build/hx20/RO/board/hx20/cypress5525.o
                0x00000000000e4bb4                cypd_print_buff
 .text.cmd_cypd_get_status
                0x00000000000e4bf4      0x4b0 build/hx20/RO/board/hx20/cypress5525.o
 .text.flash_notified
                0x00000000000e50a4       0xb4 build/hx20/RO/board/hx20/host_command_customization.o
 .text.host_custom_command_hello
                0x00000000000e5158       0x80 build/hx20/RO/board/hx20/host_command_customization.o
 .text.disable_ps2_mouse_emulation
                0x00000000000e51d8       0x14 build/hx20/RO/board/hx20/host_command_customization.o
 .text.cmd_diagnosis
                0x00000000000e51ec        0xe build/hx20/RO/board/hx20/host_command_customization.o
 .text.update_keyboard_matrix
                0x00000000000e51fa       0xf8 build/hx20/RO/board/hx20/host_command_customization.o
 .text.bb_retimer_control
                0x00000000000e52f2       0x48 build/hx20/RO/board/hx20/host_command_customization.o
 *fill*         0x00000000000e533a        0x2 
 .text.chassis_open_check
                0x00000000000e533c       0x34 build/hx20/RO/board/hx20/host_command_customization.o
 .text.standalone_mode
                0x00000000000e5370        0xe build/hx20/RO/board/hx20/host_command_customization.o
 *fill*         0x00000000000e537e        0x2 
 .text.sci_enable
                0x00000000000e5380       0x60 build/hx20/RO/board/hx20/host_command_customization.o
 .text.factory_mode
                0x00000000000e53e0       0x58 build/hx20/RO/board/hx20/host_command_customization.o
 .text.pos_get_state
                0x00000000000e5438       0x10 build/hx20/RO/board/hx20/host_command_customization.o
                0x00000000000e5438                pos_get_state
 .text.hid_startup
                0x00000000000e5448        0xc build/hx20/RO/board/hx20/i2c_hid_mediakeys.o
 .text.update_hid_key
                0x00000000000e5454       0x34 build/hx20/RO/board/hx20/i2c_hid_mediakeys.o
                0x00000000000e5454                update_hid_key
 .text.i2c_hid_mediakeys_init
                0x00000000000e5488       0x10 build/hx20/RO/board/hx20/i2c_hid_mediakeys.o
                0x00000000000e5488                i2c_hid_mediakeys_init
 .text.i2c_hid_process
                0x00000000000e5498      0x13c build/hx20/RO/board/hx20/i2c_hid_mediakeys.o
                0x00000000000e5498                i2c_hid_process
 .text.i2c_data_received
                0x00000000000e55d4       0x18 build/hx20/RO/board/hx20/i2c_hid_mediakeys.o
                0x00000000000e55d4                i2c_data_received
 .text.i2c_set_response
                0x00000000000e55ec       0x22 build/hx20/RO/board/hx20/i2c_hid_mediakeys.o
                0x00000000000e55ec                i2c_set_response
 *fill*         0x00000000000e560e        0x2 
 .text.hid_irq_to_host
                0x00000000000e5610       0x58 build/hx20/RO/board/hx20/i2c_hid_mediakeys.o
                0x00000000000e5610                hid_irq_to_host
 .text.hid_handler_task
                0x00000000000e5668       0xac build/hx20/RO/board/hx20/i2c_hid_mediakeys.o
                0x00000000000e5668                hid_handler_task
 .text.caps_suspend
                0x00000000000e5714        0x8 build/hx20/RO/board/hx20/keyboard_customization.o
                0x00000000000e5714                caps_suspend
 .text.hx20_kblight_enable
                0x00000000000e571c        0xe build/hx20/RO/board/hx20/keyboard_customization.o
                0x00000000000e571c                hx20_kblight_enable
 .text.hx20_kblight_get_brightness
                0x00000000000e572a        0x6 build/hx20/RO/board/hx20/keyboard_customization.o
 .text.hx20_kblight_set_brightness
                0x00000000000e5730        0xe build/hx20/RO/board/hx20/keyboard_customization.o
 .text.hx20_kblight_init
                0x00000000000e573e        0xe build/hx20/RO/board/hx20/keyboard_customization.o
 .text.fnkey_shutdown
                0x00000000000e574c       0x2c build/hx20/RO/board/hx20/keyboard_customization.o
                0x00000000000e574c                fnkey_shutdown
 .text.fp_power_button_deferred
                0x00000000000e5778       0x10 build/hx20/RO/board/hx20/keyboard_customization.o
 .text.fnkey_startup
                0x00000000000e5788       0x30 build/hx20/RO/board/hx20/keyboard_customization.o
                0x00000000000e5788                fnkey_startup
 .text.caps_resume
                0x00000000000e57b8       0x14 build/hx20/RO/board/hx20/keyboard_customization.o
                0x00000000000e57b8                caps_resume
 .text.get_scancode_set2
                0x00000000000e57cc       0x1c build/hx20/RO/board/hx20/keyboard_customization.o
                0x00000000000e57cc                get_scancode_set2
 .text.set_scancode_set2
                0x00000000000e57e8       0x18 build/hx20/RO/board/hx20/keyboard_customization.o
                0x00000000000e57e8                set_scancode_set2
 .text.hx20_8042_led_control
                0x00000000000e5800       0x18 build/hx20/RO/board/hx20/keyboard_customization.o
                0x00000000000e5800                hx20_8042_led_control
 .text.board_kblight_init
                0x00000000000e5818       0x38 build/hx20/RO/board/hx20/keyboard_customization.o
                0x00000000000e5818                board_kblight_init
 .text.fn_table_media_set
                0x00000000000e5850       0x20 build/hx20/RO/board/hx20/keyboard_customization.o
                0x00000000000e5850                fn_table_media_set
 .text.fn_table_set
                0x00000000000e5870       0x28 build/hx20/RO/board/hx20/keyboard_customization.o
                0x00000000000e5870                fn_table_set
 .text.hotkey_F1_F12
                0x00000000000e5898      0x19c build/hx20/RO/board/hx20/keyboard_customization.o
                0x00000000000e5898                hotkey_F1_F12
 .text.hotkey_special_key
                0x00000000000e5a34       0x9e build/hx20/RO/board/hx20/keyboard_customization.o
                0x00000000000e5a34                hotkey_special_key
 *fill*         0x00000000000e5ad2        0x2 
 .text.functional_hotkey
                0x00000000000e5ad4       0xf4 build/hx20/RO/board/hx20/keyboard_customization.o
                0x00000000000e5ad4                functional_hotkey
 .text.keyboard_scancode_callback
                0x00000000000e5bc8       0x68 build/hx20/RO/board/hx20/keyboard_customization.o
                0x00000000000e5bc8                keyboard_scancode_callback
 .text.factory_power_button
                0x00000000000e5c30       0x30 build/hx20/RO/board/hx20/keyboard_customization.o
                0x00000000000e5c30                factory_power_button
 .text.factory_setting
                0x00000000000e5c60       0x24 build/hx20/RO/board/hx20/keyboard_customization.o
                0x00000000000e5c60                factory_setting
 .text.factory_status
                0x00000000000e5c84        0xc build/hx20/RO/board/hx20/keyboard_customization.o
                0x00000000000e5c84                factory_status
 .text.set_active_port_color
                0x00000000000e5c90       0x56 build/hx20/RO/board/hx20/led.o
 *fill*         0x00000000000e5ce6        0x2 
 .text.fp_led_level_control
                0x00000000000e5ce8       0x60 build/hx20/RO/board/hx20/led.o
 .text.set_pwr_led_color
                0x00000000000e5d48       0x84 build/hx20/RO/board/hx20/led.o
                0x00000000000e5d48                set_pwr_led_color
 .text.enable_pwr_breath
                0x00000000000e5dcc       0x8c build/hx20/RO/board/hx20/led.o
                0x00000000000e5dcc                enable_pwr_breath
 .text.led_tick
                0x00000000000e5e58      0x140 build/hx20/RO/board/hx20/led.o
 .text.led_configure
                0x00000000000e5f98       0x5c build/hx20/RO/board/hx20/led.o
 .text.led_get_brightness_range
                0x00000000000e5ff4       0x10 build/hx20/RO/board/hx20/led.o
                0x00000000000e5ff4                led_get_brightness_range
 .text.led_set_brightness
                0x00000000000e6004       0x90 build/hx20/RO/board/hx20/led.o
                0x00000000000e6004                led_set_brightness
 .text.power_button_enable_led
                0x00000000000e6094        0xc build/hx20/RO/board/hx20/led.o
                0x00000000000e6094                power_button_enable_led
 .text.peci_Wr_Pkg_Config
                0x00000000000e60a0       0x84 build/hx20/RO/board/hx20/peci_customization.o
                0x00000000000e60a0                peci_Wr_Pkg_Config
 .text.peci_update_PL1
                0x00000000000e6124       0x28 build/hx20/RO/board/hx20/peci_customization.o
                0x00000000000e6124                peci_update_PL1
 .text.peci_update_PL2
                0x00000000000e614c       0x24 build/hx20/RO/board/hx20/peci_customization.o
                0x00000000000e614c                peci_update_PL2
 .text.peci_update_PL4
                0x00000000000e6170       0x20 build/hx20/RO/board/hx20/peci_customization.o
                0x00000000000e6170                peci_update_PL4
 .text.peci_update_PsysPL2
                0x00000000000e6190       0x28 build/hx20/RO/board/hx20/peci_customization.o
                0x00000000000e6190                peci_update_PsysPL2
 .text.stop_read_peci_temp
                0x00000000000e61b8       0x60 build/hx20/RO/board/hx20/peci_customization.o
                0x00000000000e61b8                stop_read_peci_temp
 .text.hc_config_powerbtn_x86
                0x00000000000e6218       0x14 build/hx20/RO/board/hx20/power_button_x86.o
 .text.power_button_pulse_setting_reset
                0x00000000000e622c        0xc build/hx20/RO/board/hx20/power_button_x86.o
 .text.power_button_released
                0x00000000000e6238       0x24 build/hx20/RO/board/hx20/power_button_x86.o
 .text.powerbtn_x86_init
                0x00000000000e625c       0x18 build/hx20/RO/board/hx20/power_button_x86.o
 .text.set_pwrbtn_to_pch
                0x00000000000e6274       0x60 build/hx20/RO/board/hx20/power_button_x86.o
 .text.power_button_pulse_setting_restore_state
                0x00000000000e62d4       0x2c build/hx20/RO/board/hx20/power_button_x86.o
 .text.power_button_pulse_setting_preserve_state
                0x00000000000e6300       0x14 build/hx20/RO/board/hx20/power_button_x86.o
 .text.powerbtn_x86_changed
                0x00000000000e6314       0xb4 build/hx20/RO/board/hx20/power_button_x86.o
 .text.power_button_pch_release
                0x00000000000e63c8       0x2c build/hx20/RO/board/hx20/power_button_x86.o
                0x00000000000e63c8                power_button_pch_release
 .text.power_button_pch_pulse
                0x00000000000e63f4       0x50 build/hx20/RO/board/hx20/power_button_x86.o
                0x00000000000e63f4                power_button_pch_pulse
 .text.powerbtn_x86_lid_change
                0x00000000000e6444       0x28 build/hx20/RO/board/hx20/power_button_x86.o
 .text.power_button_simulate_press
                0x00000000000e646c       0x48 build/hx20/RO/board/hx20/power_button_x86.o
                0x00000000000e646c                power_button_simulate_press
 .text.power_button_batt_cutoff
                0x00000000000e64b4        0xc build/hx20/RO/board/hx20/power_button_x86.o
                0x00000000000e64b4                power_button_batt_cutoff
 .text.power_button_task
                0x00000000000e64c0      0x398 build/hx20/RO/board/hx20/power_button_x86.o
                0x00000000000e64c0                power_button_task
 .text.set_ap_reboot_delay
                0x00000000000e6858       0x24 build/hx20/RO/board/hx20/power_sequence.o
 .text.check_s0ix_statsus
                0x00000000000e687c       0x60 build/hx20/RO/board/hx20/power_sequence.o
 .text.vpro_control
                0x00000000000e68dc       0x38 build/hx20/RO/board/hx20/power_sequence.o
 .text.s0ix_status_handle
                0x00000000000e6914       0x2c build/hx20/RO/board/hx20/power_sequence.o
                0x00000000000e6914                s0ix_status_handle
 .text.pending_retimer_init
                0x00000000000e6940        0xc build/hx20/RO/board/hx20/power_sequence.o
                0x00000000000e6940                pending_retimer_init
 .text.chipset_handle_espi_reset_assert
                0x00000000000e694c       0x20 build/hx20/RO/board/hx20/power_sequence.o
                0x00000000000e694c                chipset_handle_espi_reset_assert
 .text.keep_pch_power
                0x00000000000e696c       0x64 build/hx20/RO/board/hx20/power_sequence.o
                0x00000000000e696c                keep_pch_power
 .text.chipset_force_g3
                0x00000000000e69d0       0x84 build/hx20/RO/board/hx20/power_sequence.o
 .text.chipset_force_shutdown
                0x00000000000e6a54       0x48 build/hx20/RO/board/hx20/power_sequence.o
                0x00000000000e6a54                chipset_force_shutdown
 .text.s5_power_up_control
                0x00000000000e6a9c       0x2c build/hx20/RO/board/hx20/power_sequence.o
                0x00000000000e6a9c                s5_power_up_control
 .text.me_control
                0x00000000000e6ac8       0x44 build/hx20/RO/board/hx20/power_sequence.o
 .text.chipset_reset
                0x00000000000e6b0c        0x2 build/hx20/RO/board/hx20/power_sequence.o
                0x00000000000e6b0c                chipset_reset
 .text.chipset_throttle_cpu
                0x00000000000e6b0e       0x1e build/hx20/RO/board/hx20/power_sequence.o
                0x00000000000e6b0e                chipset_throttle_cpu
 .text.power_chipset_init
                0x00000000000e6b2c        0xa build/hx20/RO/board/hx20/power_sequence.o
                0x00000000000e6b2c                power_chipset_init
 *fill*         0x00000000000e6b36        0x2 
 .text.boot_ap_on_g3
                0x00000000000e6b38       0x1c build/hx20/RO/board/hx20/power_sequence.o
                0x00000000000e6b38                boot_ap_on_g3
 .text.me_gpio_change
                0x00000000000e6b54       0x1c build/hx20/RO/board/hx20/power_sequence.o
                0x00000000000e6b54                me_gpio_change
 .text.board_chipset_power_on
                0x00000000000e6b70       0xec build/hx20/RO/board/hx20/power_sequence.o
                0x00000000000e6b70                board_chipset_power_on
 .text.power_handle_state
                0x00000000000e6c5c      0x364 build/hx20/RO/board/hx20/power_sequence.o
                0x00000000000e6c5c                power_handle_state
 .text.update_me_change
                0x00000000000e6fc0        0xc build/hx20/RO/board/hx20/power_sequence.o
                0x00000000000e6fc0                update_me_change
 .text.ucsi_set_debug
                0x00000000000e6fcc        0xc build/hx20/RO/board/hx20/ucsi.o
                0x00000000000e6fcc                ucsi_set_debug
 .text.ucsi_set_next_poll
                0x00000000000e6fd8       0x24 build/hx20/RO/board/hx20/ucsi.o
                0x00000000000e6fd8                ucsi_set_next_poll
 .text.ucsi_write_tunnel
                0x00000000000e6ffc      0x1ac build/hx20/RO/board/hx20/ucsi.o
                0x00000000000e6ffc                ucsi_write_tunnel
 .text.ucsi_read_tunnel
                0x00000000000e71a8      0x1d0 build/hx20/RO/board/hx20/ucsi.o
                0x00000000000e71a8                ucsi_read_tunnel
 .text.cyp5525_ucsi_startup
                0x00000000000e7378       0x98 build/hx20/RO/board/hx20/ucsi.o
                0x00000000000e7378                cyp5525_ucsi_startup
 .text.check_ucsi_event_from_host
                0x00000000000e7410      0x244 build/hx20/RO/board/hx20/ucsi.o
                0x00000000000e7410                check_ucsi_event_from_host
 .text.start_single_and_wait
                0x00000000000e7654       0x64 build/hx20/RO/chip/mchp/adc.o
 .text.adc_init
                0x00000000000e76b8       0x50 build/hx20/RO/chip/mchp/adc.o
 .text.adc_read_channel
                0x00000000000e7708       0x60 build/hx20/RO/chip/mchp/adc.o
                0x00000000000e7708                adc_read_channel
 .text.adc_interrupt
                0x00000000000e7768       0x44 build/hx20/RO/chip/mchp/adc.o
                0x00000000000e7768                adc_interrupt
 .text.irq_78_handler
                0x00000000000e77ac       0x14 build/hx20/RO/chip/mchp/adc.o
                0x00000000000e77ac                irq_78_handler
 .text.clock_turbo_disable
                0x00000000000e77c0       0x10 build/hx20/RO/chip/mchp/clock.o
 .text.clock_get_freq
                0x00000000000e77d0        0x8 build/hx20/RO/chip/mchp/clock.o
                0x00000000000e77d0                clock_get_freq
 .text.clock_init
                0x00000000000e77d8       0x34 build/hx20/RO/chip/mchp/clock.o
                0x00000000000e77d8                clock_init
 .text.htimer_init
                0x00000000000e780c       0x30 build/hx20/RO/chip/mchp/clock.o
                0x00000000000e780c                htimer_init
 .text.system_set_htimer_alarm
                0x00000000000e783c       0x54 build/hx20/RO/chip/mchp/clock.o
                0x00000000000e783c                system_set_htimer_alarm
 .text.dma_disable
                0x00000000000e7890       0x30 build/hx20/RO/chip/mchp/dma.o
                0x00000000000e7890                dma_disable
 .text.dma_disable_all
                0x00000000000e78c0       0x3c build/hx20/RO/chip/mchp/dma.o
                0x00000000000e78c0                dma_disable_all
 .text.dma_init
                0x00000000000e78fc       0x24 build/hx20/RO/chip/mchp/dma.o
                0x00000000000e78fc                dma_init
 .text.dma_clear_isr
                0x00000000000e7920       0x14 build/hx20/RO/chip/mchp/dma.o
                0x00000000000e7920                dma_clear_isr
 .text.dma_cfg_buffers
                0x00000000000e7934       0x20 build/hx20/RO/chip/mchp/dma.o
                0x00000000000e7934                dma_cfg_buffers
 .text.dma_cfg_xfr
                0x00000000000e7954       0x3c build/hx20/RO/chip/mchp/dma.o
                0x00000000000e7954                dma_cfg_xfr
 .text.dma_clr_chan
                0x00000000000e7990       0x3c build/hx20/RO/chip/mchp/dma.o
                0x00000000000e7990                dma_clr_chan
 .text.dma_run  0x00000000000e79cc       0x24 build/hx20/RO/chip/mchp/dma.o
                0x00000000000e79cc                dma_run
 .text.espi_vw_get_signal_index
                0x00000000000e79f0       0x20 build/hx20/RO/chip/mchp/espi.o
 .text.espi_vw_evt_sus_pwrdn_ack
                0x00000000000e7a10        0x2 build/hx20/RO/chip/mchp/espi.o
                0x00000000000e7a10                espi_vw_evt_sus_pwrdn_ack
 *fill*         0x00000000000e7a12        0x2 
 .text.espi_vw_evt1_dflt
                0x00000000000e7a14       0x10 build/hx20/RO/chip/mchp/espi.o
                0x00000000000e7a14                espi_vw_evt1_dflt
 .text.espi_vw_evt2_dflt
                0x00000000000e7a24       0x10 build/hx20/RO/chip/mchp/espi.o
                0x00000000000e7a24                espi_vw_evt2_dflt
 .text.espi_host_init
                0x00000000000e7a34       0x78 build/hx20/RO/chip/mchp/espi.o
 .text.espi_vw_evt_slp_s3_n
                0x00000000000e7aac        0x8 build/hx20/RO/chip/mchp/espi.o
                0x00000000000e7aac                espi_vw_evt_slp_s3_n
 .text.espi_vw_evt_slp_s4_n
                0x00000000000e7ab4        0x8 build/hx20/RO/chip/mchp/espi.o
                0x00000000000e7ab4                espi_vw_evt_slp_s4_n
 .text.espi_vw_evt_slp_s5_n
                0x00000000000e7abc        0x8 build/hx20/RO/chip/mchp/espi.o
                0x00000000000e7abc                espi_vw_evt_slp_s5_n
 .text.espi_vw_evt_sus_stat_n
                0x00000000000e7ac4        0x8 build/hx20/RO/chip/mchp/espi.o
                0x00000000000e7ac4                espi_vw_evt_sus_stat_n
 .text.espi_vw_s2m_set_w4m
                0x00000000000e7acc       0x3c build/hx20/RO/chip/mchp/espi.o
 .text.espi_chipset_reset
                0x00000000000e7b08        0x6 build/hx20/RO/chip/mchp/espi.o
 *fill*         0x00000000000e7b0e        0x2 
 .text.espi_vw_evt_pltrst_n
                0x00000000000e7b10       0x14 build/hx20/RO/chip/mchp/espi.o
                0x00000000000e7b10                espi_vw_evt_pltrst_n
 .text.espi_vw_evt_slp_wlan_n
                0x00000000000e7b24        0x2 build/hx20/RO/chip/mchp/espi.o
                0x00000000000e7b24                espi_vw_evt_slp_wlan_n
 .text.espi_vw_evt_host_c10
                0x00000000000e7b26        0x2 build/hx20/RO/chip/mchp/espi.o
                0x00000000000e7b26                espi_vw_evt_host_c10
 .text.espi_vw_evt_slp_a_n
                0x00000000000e7b28        0x2 build/hx20/RO/chip/mchp/espi.o
                0x00000000000e7b28                espi_vw_evt_slp_a_n
 .text.espi_vw_evt_slp_lan_n
                0x00000000000e7b2a        0x2 build/hx20/RO/chip/mchp/espi.o
                0x00000000000e7b2a                espi_vw_evt_slp_lan_n
 .text.espi_oob_init
                0x00000000000e7b2c       0x50 build/hx20/RO/chip/mchp/espi.o
                0x00000000000e7b2c                espi_oob_init
 .text.espi_vw_set_wire
                0x00000000000e7b7c       0x5c build/hx20/RO/chip/mchp/espi.o
                0x00000000000e7b7c                espi_vw_set_wire
 .text.espi_vw_evt_oob_rst_warn
                0x00000000000e7bd8        0xa build/hx20/RO/chip/mchp/espi.o
                0x00000000000e7bd8                espi_vw_evt_oob_rst_warn
 *fill*         0x00000000000e7be2        0x2 
 .text.espi_vw_evt_sus_warn_n
                0x00000000000e7be4       0x84 build/hx20/RO/chip/mchp/espi.o
                0x00000000000e7be4                espi_vw_evt_sus_warn_n
 .text.espi_vw_evt_host_rst_warn
                0x00000000000e7c68        0xa build/hx20/RO/chip/mchp/espi.o
                0x00000000000e7c68                espi_vw_evt_host_rst_warn
 *fill*         0x00000000000e7c72        0x2 
 .text.espi_vw_pulse_wire
                0x00000000000e7c74       0x54 build/hx20/RO/chip/mchp/espi.o
                0x00000000000e7c74                espi_vw_pulse_wire
 .text.espi_vw_get_wire
                0x00000000000e7cc8       0x38 build/hx20/RO/chip/mchp/espi.o
                0x00000000000e7cc8                espi_vw_get_wire
 .text.espi_vw_enable_wire_int
                0x00000000000e7d00       0x6c build/hx20/RO/chip/mchp/espi.o
                0x00000000000e7d00                espi_vw_enable_wire_int
 .text.espi_vw_disable_wire_int
                0x00000000000e7d6c       0x70 build/hx20/RO/chip/mchp/espi.o
                0x00000000000e7d6c                espi_vw_disable_wire_int
 .text.espi_mswv1_interrupt
                0x00000000000e7ddc       0x5c build/hx20/RO/chip/mchp/espi.o
                0x00000000000e7ddc                espi_mswv1_interrupt
 .text.irq_15_handler
                0x00000000000e7e38       0x14 build/hx20/RO/chip/mchp/espi.o
                0x00000000000e7e38                irq_15_handler
 .text.espi_msvw2_interrupt
                0x00000000000e7e4c       0x5c build/hx20/RO/chip/mchp/espi.o
                0x00000000000e7e4c                espi_msvw2_interrupt
 .text.irq_16_handler
                0x00000000000e7ea8       0x14 build/hx20/RO/chip/mchp/espi.o
                0x00000000000e7ea8                irq_16_handler
 .text.espi_reset_isr
                0x00000000000e7ebc       0x58 build/hx20/RO/chip/mchp/espi.o
                0x00000000000e7ebc                espi_reset_isr
 .text.irq_110_handler
                0x00000000000e7f14       0x14 build/hx20/RO/chip/mchp/espi.o
                0x00000000000e7f14                irq_110_handler
 .text.espi_vw_en_isr
                0x00000000000e7f28       0x4c build/hx20/RO/chip/mchp/espi.o
                0x00000000000e7f28                espi_vw_en_isr
 .text.irq_156_handler
                0x00000000000e7f74       0x14 build/hx20/RO/chip/mchp/espi.o
                0x00000000000e7f74                irq_156_handler
 .text.espi_oob_tx_isr
                0x00000000000e7f88       0x58 build/hx20/RO/chip/mchp/espi.o
                0x00000000000e7f88                espi_oob_tx_isr
 .text.irq_107_handler
                0x00000000000e7fe0       0x14 build/hx20/RO/chip/mchp/espi.o
                0x00000000000e7fe0                irq_107_handler
 .text.espi_oob_rx_isr
                0x00000000000e7ff4       0x1c build/hx20/RO/chip/mchp/espi.o
                0x00000000000e7ff4                espi_oob_rx_isr
 .text.irq_108_handler
                0x00000000000e8010       0x14 build/hx20/RO/chip/mchp/espi.o
                0x00000000000e8010                irq_108_handler
 .text.espi_fc_isr
                0x00000000000e8024       0x68 build/hx20/RO/chip/mchp/espi.o
                0x00000000000e8024                espi_fc_isr
 .text.irq_109_handler
                0x00000000000e808c       0x14 build/hx20/RO/chip/mchp/espi.o
                0x00000000000e808c                irq_109_handler
 .text.espi_pc_isr
                0x00000000000e80a0       0x54 build/hx20/RO/chip/mchp/espi.o
                0x00000000000e80a0                espi_pc_isr
 .text.irq_103_handler
                0x00000000000e80f4       0x14 build/hx20/RO/chip/mchp/espi.o
                0x00000000000e80f4                irq_103_handler
 .text.espi_init
                0x00000000000e8108      0x1ec build/hx20/RO/chip/mchp/espi.o
                0x00000000000e8108                espi_init
 .text.flash_preserve_state
                0x00000000000e82f4       0x20 build/hx20/RO/chip/mchp/flash.o
 .text.flash_physical_read
                0x00000000000e8314        0xc build/hx20/RO/chip/mchp/flash.o
                0x00000000000e8314                flash_physical_read
 .text.flash_physical_write
                0x00000000000e8320       0x54 build/hx20/RO/chip/mchp/flash.o
                0x00000000000e8320                flash_physical_write
 .text.flash_physical_erase
                0x00000000000e8374       0x14 build/hx20/RO/chip/mchp/flash.o
                0x00000000000e8374                flash_physical_erase
 .text.flash_physical_get_protect
                0x00000000000e8388        0xa build/hx20/RO/chip/mchp/flash.o
                0x00000000000e8388                flash_physical_get_protect
 *fill*         0x00000000000e8392        0x2 
 .text.flash_physical_protect_now
                0x00000000000e8394       0x10 build/hx20/RO/chip/mchp/flash.o
                0x00000000000e8394                flash_physical_protect_now
 .text.flash_physical_get_protect_flags
                0x00000000000e83a4       0x24 build/hx20/RO/chip/mchp/flash.o
                0x00000000000e83a4                flash_physical_get_protect_flags
 .text.flash_physical_get_valid_flags
                0x00000000000e83c8        0x4 build/hx20/RO/chip/mchp/flash.o
                0x00000000000e83c8                flash_physical_get_valid_flags
 .text.flash_physical_get_writable_flags
                0x00000000000e83cc       0x30 build/hx20/RO/chip/mchp/flash.o
                0x00000000000e83cc                flash_physical_get_writable_flags
 .text.flash_physical_protect_at_boot
                0x00000000000e83fc       0x38 build/hx20/RO/chip/mchp/flash.o
                0x00000000000e83fc                flash_physical_protect_at_boot
 .text.flash_physical_restore_state
                0x00000000000e8434       0x38 build/hx20/RO/chip/mchp/flash.o
                0x00000000000e8434                flash_physical_restore_state
 .text.flash_pre_init
                0x00000000000e846c        0xa build/hx20/RO/chip/mchp/flash.o
                0x00000000000e846c                flash_pre_init
 *fill*         0x00000000000e8476        0x2 
 .text.gpio_interrupt
                0x00000000000e8478       0x70 build/hx20/RO/chip/mchp/gpio.o
 .text.gpio_init
                0x00000000000e84e8       0x68 build/hx20/RO/chip/mchp/gpio.o
 .text.gpio_set_alternate_function
                0x00000000000e8550       0x3c build/hx20/RO/chip/mchp/gpio.o
                0x00000000000e8550                gpio_set_alternate_function
 .text.gpio_get_level
                0x00000000000e858c       0x30 build/hx20/RO/chip/mchp/gpio.o
                0x00000000000e858c                gpio_get_level
 .text.gpio_set_level
                0x00000000000e85bc       0x38 build/hx20/RO/chip/mchp/gpio.o
                0x00000000000e85bc                gpio_set_level
 .text.gpio_set_flags_by_mask
                0x00000000000e85f4       0xf2 build/hx20/RO/chip/mchp/gpio.o
                0x00000000000e85f4                gpio_set_flags_by_mask
 *fill*         0x00000000000e86e6        0x2 
 .text.gpio_enable_interrupt
                0x00000000000e86e8       0x4c build/hx20/RO/chip/mchp/gpio.o
                0x00000000000e86e8                gpio_enable_interrupt
 .text.gpio_disable_interrupt
                0x00000000000e8734       0x38 build/hx20/RO/chip/mchp/gpio.o
                0x00000000000e8734                gpio_disable_interrupt
 .text.gpio_pre_init
                0x00000000000e876c       0x3c build/hx20/RO/chip/mchp/gpio.o
                0x00000000000e876c                gpio_pre_init
 .text.__girq_8_interrupt
                0x00000000000e87a8        0x8 build/hx20/RO/chip/mchp/gpio.o
                0x00000000000e87a8                __girq_8_interrupt
 .text.__girq_9_interrupt
                0x00000000000e87b0        0x8 build/hx20/RO/chip/mchp/gpio.o
                0x00000000000e87b0                __girq_9_interrupt
 .text.__girq_10_interrupt
                0x00000000000e87b8        0x8 build/hx20/RO/chip/mchp/gpio.o
                0x00000000000e87b8                __girq_10_interrupt
 .text.__girq_11_interrupt
                0x00000000000e87c0        0x8 build/hx20/RO/chip/mchp/gpio.o
                0x00000000000e87c0                __girq_11_interrupt
 .text.__girq_12_interrupt
                0x00000000000e87c8        0x8 build/hx20/RO/chip/mchp/gpio.o
                0x00000000000e87c8                __girq_12_interrupt
 .text.__girq_26_interrupt
                0x00000000000e87d0        0x8 build/hx20/RO/chip/mchp/gpio.o
                0x00000000000e87d0                __girq_26_interrupt
 .text.irq_0_handler
                0x00000000000e87d8       0x14 build/hx20/RO/chip/mchp/gpio.o
                0x00000000000e87d8                irq_0_handler
 .text.irq_1_handler
                0x00000000000e87ec       0x14 build/hx20/RO/chip/mchp/gpio.o
                0x00000000000e87ec                irq_1_handler
 .text.irq_2_handler
                0x00000000000e8800       0x14 build/hx20/RO/chip/mchp/gpio.o
                0x00000000000e8800                irq_2_handler
 .text.irq_3_handler
                0x00000000000e8814       0x14 build/hx20/RO/chip/mchp/gpio.o
                0x00000000000e8814                irq_3_handler
 .text.irq_4_handler
                0x00000000000e8828       0x14 build/hx20/RO/chip/mchp/gpio.o
                0x00000000000e8828                irq_4_handler
 .text.irq_17_handler
                0x00000000000e883c       0x14 build/hx20/RO/chip/mchp/gpio.o
                0x00000000000e883c                irq_17_handler
 .text.configure_timer
                0x00000000000e8850       0x32 build/hx20/RO/chip/mchp/hwtimer.o
 .text.__hw_clock_event_set
                0x00000000000e8882       0x1e build/hx20/RO/chip/mchp/hwtimer.o
                0x00000000000e8882                __hw_clock_event_set
 .text.__hw_clock_event_get
                0x00000000000e88a0       0x12 build/hx20/RO/chip/mchp/hwtimer.o
                0x00000000000e88a0                __hw_clock_event_get
 .text.__hw_clock_event_clear
                0x00000000000e88b2       0x12 build/hx20/RO/chip/mchp/hwtimer.o
                0x00000000000e88b2                __hw_clock_event_clear
 .text.__hw_clock_source_read
                0x00000000000e88c4        0xc build/hx20/RO/chip/mchp/hwtimer.o
                0x00000000000e88c4                __hw_clock_source_read
 .text.__hw_clock_source_irq_0
                0x00000000000e88d0       0x24 build/hx20/RO/chip/mchp/hwtimer.o
                0x00000000000e88d0                __hw_clock_source_irq_0
 .text.irq_140_handler
                0x00000000000e88f4       0x14 build/hx20/RO/chip/mchp/hwtimer.o
                0x00000000000e88f4                irq_140_handler
 .text.__hw_clock_source_irq_1
                0x00000000000e8908       0x24 build/hx20/RO/chip/mchp/hwtimer.o
                0x00000000000e8908                __hw_clock_source_irq_1
 .text.irq_141_handler
                0x00000000000e892c       0x14 build/hx20/RO/chip/mchp/hwtimer.o
                0x00000000000e892c                irq_141_handler
 .text.__hw_clock_source_init
                0x00000000000e8940       0x60 build/hx20/RO/chip/mchp/hwtimer.o
                0x00000000000e8940                __hw_clock_source_init
 .text.disable_controller_irq
                0x00000000000e89a0       0x30 build/hx20/RO/chip/mchp/i2c.o
 .text.handle_interrupt
                0x00000000000e89d0      0x188 build/hx20/RO/chip/mchp/i2c.o
 .text.get_supported_speed_idx
                0x00000000000e8b58       0x78 build/hx20/RO/chip/mchp/i2c.o
 .text.configure_controller
                0x00000000000e8bd0      0x120 build/hx20/RO/chip/mchp/i2c.o
 .text.select_port
                0x00000000000e8cf0       0x50 build/hx20/RO/chip/mchp/i2c.o
 .text.reset_controller
                0x00000000000e8d40       0x7c build/hx20/RO/chip/mchp/i2c.o
 .text.wait_for_interrupt
                0x00000000000e8dbc       0x60 build/hx20/RO/chip/mchp/i2c.o
 .text.wait_byte_done.constprop.0
                0x00000000000e8e1c       0x80 build/hx20/RO/chip/mchp/i2c.o
 .text.wait_idle.isra.0
                0x00000000000e8e9c       0x74 build/hx20/RO/chip/mchp/i2c.o
 .text.i2c_raw_get_scl
                0x00000000000e8f10       0x1e build/hx20/RO/chip/mchp/i2c.o
                0x00000000000e8f10                i2c_raw_get_scl
 .text.i2c_raw_get_sda
                0x00000000000e8f2e       0x1e build/hx20/RO/chip/mchp/i2c.o
                0x00000000000e8f2e                i2c_raw_get_sda
 .text.get_line_level
                0x00000000000e8f4c       0x1e build/hx20/RO/chip/mchp/i2c.o
 *fill*         0x00000000000e8f6a        0x2 
 .text.chip_i2c_xfer
                0x00000000000e8f6c      0x434 build/hx20/RO/chip/mchp/i2c.o
                0x00000000000e8f6c                chip_i2c_xfer
 .text.i2c_get_line_levels
                0x00000000000e93a0       0x20 build/hx20/RO/chip/mchp/i2c.o
                0x00000000000e93a0                i2c_get_line_levels
 .text.i2c_port_to_controller
                0x00000000000e93c0        0x4 build/hx20/RO/chip/mchp/i2c.o
                0x00000000000e93c0                i2c_port_to_controller
 .text.i2c_set_timeout
                0x00000000000e93c4       0x24 build/hx20/RO/chip/mchp/i2c.o
                0x00000000000e93c4                i2c_set_timeout
 .text.i2c_init
                0x00000000000e93e8      0x10c build/hx20/RO/chip/mchp/i2c.o
                0x00000000000e93e8                i2c_init
 .text.i2c0_interrupt
                0x00000000000e94f4        0x6 build/hx20/RO/chip/mchp/i2c.o
                0x00000000000e94f4                i2c0_interrupt
 .text.i2c1_interrupt
                0x00000000000e94fa        0x6 build/hx20/RO/chip/mchp/i2c.o
                0x00000000000e94fa                i2c1_interrupt
 .text.i2c2_interrupt
                0x00000000000e9500        0x6 build/hx20/RO/chip/mchp/i2c.o
                0x00000000000e9500                i2c2_interrupt
 .text.i2c3_interrupt
                0x00000000000e9506        0x6 build/hx20/RO/chip/mchp/i2c.o
                0x00000000000e9506                i2c3_interrupt
 .text.irq_20_handler
                0x00000000000e950c       0x14 build/hx20/RO/chip/mchp/i2c.o
                0x00000000000e950c                irq_20_handler
 .text.irq_21_handler
                0x00000000000e9520       0x14 build/hx20/RO/chip/mchp/i2c.o
                0x00000000000e9520                irq_21_handler
 .text.irq_22_handler
                0x00000000000e9534       0x14 build/hx20/RO/chip/mchp/i2c.o
                0x00000000000e9534                irq_22_handler
 .text.irq_23_handler
                0x00000000000e9548       0x14 build/hx20/RO/chip/mchp/i2c.o
                0x00000000000e9548                irq_23_handler
 .text.i2c4_interrupt
                0x00000000000e955c        0x6 build/hx20/RO/chip/mchp/i2c.o
                0x00000000000e955c                i2c4_interrupt
 .text.irq_158_handler
                0x00000000000e9562       0x14 build/hx20/RO/chip/mchp/i2c.o
                0x00000000000e9562                irq_158_handler
 *fill*         0x00000000000e9576        0x2 
 .text.keyboard_raw_init
                0x00000000000e9578       0x3c build/hx20/RO/chip/mchp/keyboard_raw.o
                0x00000000000e9578                keyboard_raw_init
 .text.keyboard_raw_task_start
                0x00000000000e95b4        0x6 build/hx20/RO/chip/mchp/keyboard_raw.o
                0x00000000000e95b4                keyboard_raw_task_start
 *fill*         0x00000000000e95ba        0x2 
 .text.keyboard_raw_drive_column
                0x00000000000e95bc       0x20 build/hx20/RO/chip/mchp/keyboard_raw.o
                0x00000000000e95bc                keyboard_raw_drive_column
 .text.keyboard_raw_read_rows
                0x00000000000e95dc       0x10 build/hx20/RO/chip/mchp/keyboard_raw.o
                0x00000000000e95dc                keyboard_raw_read_rows
 .text.keyboard_raw_enable_interrupt
                0x00000000000e95ec       0x2c build/hx20/RO/chip/mchp/keyboard_raw.o
                0x00000000000e95ec                keyboard_raw_enable_interrupt
 .text.keyboard_raw_interrupt
                0x00000000000e9618       0x24 build/hx20/RO/chip/mchp/keyboard_raw.o
                0x00000000000e9618                keyboard_raw_interrupt
 .text.irq_135_handler
                0x00000000000e963c       0x14 build/hx20/RO/chip/mchp/keyboard_raw.o
                0x00000000000e963c                irq_135_handler
 .text.lpc_send_response
                0x00000000000e9650       0x6c build/hx20/RO/chip/mchp/lpc.o
 .text.lpc_send_response_packet
                0x00000000000e96bc       0x28 build/hx20/RO/chip/mchp/lpc.o
 .text.handle_keyboard_ibf_deferred
                0x00000000000e96e4       0x10 build/hx20/RO/chip/mchp/lpc.o
 .text.lpc_get_protocol_info
                0x00000000000e96f4       0x34 build/hx20/RO/chip/mchp/lpc.o
 .text.lpc_init
                0x00000000000e9728       0x44 build/hx20/RO/chip/mchp/lpc.o
 .text.lpc_command_init
                0x00000000000e976c        0xa build/hx20/RO/chip/mchp/lpc.o
 .text.lpc_chipset_reset
                0x00000000000e9776        0x6 build/hx20/RO/chip/mchp/lpc.o
 .text.lpc_get_customer_memmap_range
                0x00000000000e977c        0x8 build/hx20/RO/chip/mchp/lpc.o
                0x00000000000e977c                lpc_get_customer_memmap_range
 .text.lpc_update_host_event_status
                0x00000000000e9784       0xac build/hx20/RO/chip/mchp/lpc.o
                0x00000000000e9784                lpc_update_host_event_status
 .text.lpc_get_memmap_range
                0x00000000000e9830        0x8 build/hx20/RO/chip/mchp/lpc.o
                0x00000000000e9830                lpc_get_memmap_range
 .text.lpc_mem_mapped_init
                0x00000000000e9838       0x10 build/hx20/RO/chip/mchp/lpc.o
                0x00000000000e9838                lpc_mem_mapped_init
 .text.chip_acpi_ec_config
                0x00000000000e9848       0x78 build/hx20/RO/chip/mchp/lpc.o
                0x00000000000e9848                chip_acpi_ec_config
 .text.chip_8042_config
                0x00000000000e98c0       0x80 build/hx20/RO/chip/mchp/lpc.o
                0x00000000000e98c0                chip_8042_config
 .text.chip_emi0_config
                0x00000000000e9940       0x54 build/hx20/RO/chip/mchp/lpc.o
                0x00000000000e9940                chip_emi0_config
 .text.chip_port80_config
                0x00000000000e9994       0x54 build/hx20/RO/chip/mchp/lpc.o
                0x00000000000e9994                chip_port80_config
 .text.lpc_set_init_done
                0x00000000000e99e8        0xc build/hx20/RO/chip/mchp/lpc.o
                0x00000000000e99e8                lpc_set_init_done
 .text.emi0_interrupt
                0x00000000000e99f4        0xc build/hx20/RO/chip/mchp/lpc.o
                0x00000000000e99f4                emi0_interrupt
 .text.irq_42_handler
                0x00000000000e9a00       0x14 build/hx20/RO/chip/mchp/lpc.o
                0x00000000000e9a00                irq_42_handler
 .text.acpi_0_interrupt
                0x00000000000e9a14       0x58 build/hx20/RO/chip/mchp/lpc.o
                0x00000000000e9a14                acpi_0_interrupt
 .text.irq_45_handler
                0x00000000000e9a6c       0x14 build/hx20/RO/chip/mchp/lpc.o
                0x00000000000e9a6c                irq_45_handler
 .text.acpi_1_interrupt
                0x00000000000e9a80       0x78 build/hx20/RO/chip/mchp/lpc.o
                0x00000000000e9a80                acpi_1_interrupt
 .text.irq_47_handler
                0x00000000000e9af8       0x14 build/hx20/RO/chip/mchp/lpc.o
                0x00000000000e9af8                irq_47_handler
 .text.irq_59_handler
                0x00000000000e9b0c       0x14 build/hx20/RO/chip/mchp/lpc.o
                0x00000000000e9b0c                irq_59_handler
 .text.kb_obe_interrupt
                0x00000000000e9b20       0x1c build/hx20/RO/chip/mchp/lpc.o
                0x00000000000e9b20                kb_obe_interrupt
 .text.irq_58_handler
                0x00000000000e9b3c       0x14 build/hx20/RO/chip/mchp/lpc.o
                0x00000000000e9b3c                irq_58_handler
 .text.lpc_keyboard_has_char
                0x00000000000e9b50       0x10 build/hx20/RO/chip/mchp/lpc.o
                0x00000000000e9b50                lpc_keyboard_has_char
 .text.lpc_aux_has_char
                0x00000000000e9b60        0xc build/hx20/RO/chip/mchp/lpc.o
                0x00000000000e9b60                lpc_aux_has_char
 .text.lpc_keyboard_input_pending
                0x00000000000e9b6c       0x10 build/hx20/RO/chip/mchp/lpc.o
                0x00000000000e9b6c                lpc_keyboard_input_pending
 .text.kb_ibf_interrupt
                0x00000000000e9b7c       0x4c build/hx20/RO/chip/mchp/lpc.o
                0x00000000000e9b7c                kb_ibf_interrupt
 .text.lpc_keyboard_put_char
                0x00000000000e9bc8        0xc build/hx20/RO/chip/mchp/lpc.o
                0x00000000000e9bc8                lpc_keyboard_put_char
 .text.lpc_aux_put_char
                0x00000000000e9bd4        0xc build/hx20/RO/chip/mchp/lpc.o
                0x00000000000e9bd4                lpc_aux_put_char
 .text.lpc_keyboard_clear_buffer
                0x00000000000e9be0       0x14 build/hx20/RO/chip/mchp/lpc.o
                0x00000000000e9be0                lpc_keyboard_clear_buffer
 .text.lpc_keyboard_resume_irq
                0x00000000000e9bf4        0xc build/hx20/RO/chip/mchp/lpc.o
                0x00000000000e9bf4                lpc_keyboard_resume_irq
 .text.lpc_set_acpi_status_mask
                0x00000000000e9c00       0x10 build/hx20/RO/chip/mchp/lpc.o
                0x00000000000e9c00                lpc_set_acpi_status_mask
 .text.lpc_clear_acpi_status_mask
                0x00000000000e9c10       0x10 build/hx20/RO/chip/mchp/lpc.o
                0x00000000000e9c10                lpc_clear_acpi_status_mask
 .text.peci_init
                0x00000000000e9c20        0x8 build/hx20/RO/chip/mchp/peci.o
 .text.wait_for_idle
                0x00000000000e9c28       0x24 build/hx20/RO/chip/mchp/peci.o
                0x00000000000e9c28                wait_for_idle
 .text.reset_PECI
                0x00000000000e9c4c       0x34 build/hx20/RO/chip/mchp/peci.o
                0x00000000000e9c4c                reset_PECI
 .text.write_command
                0x00000000000e9c80       0x4c build/hx20/RO/chip/mchp/peci.o
                0x00000000000e9c80                write_command
 .text.read_databytes
                0x00000000000e9ccc       0x28 build/hx20/RO/chip/mchp/peci.o
                0x00000000000e9ccc                read_databytes
 .text.cleanup  0x00000000000e9cf4       0x28 build/hx20/RO/chip/mchp/peci.o
                0x00000000000e9cf4                cleanup
 .text.calc_AWFCS
                0x00000000000e9d1c       0x34 build/hx20/RO/chip/mchp/peci.o
                0x00000000000e9d1c                calc_AWFCS
 .text.peci_transaction
                0x00000000000e9d50      0x198 build/hx20/RO/chip/mchp/peci.o
                0x00000000000e9d50                peci_transaction
 .text.port_80_interrupt
                0x00000000000e9ee8       0x30 build/hx20/RO/chip/mchp/port80.o
                0x00000000000e9ee8                port_80_interrupt
 .text.irq_62_handler
                0x00000000000e9f18       0x14 build/hx20/RO/chip/mchp/port80.o
                0x00000000000e9f18                irq_62_handler
 .text.bbled_set_limit
                0x00000000000e9f2c       0x14 build/hx20/RO/chip/mchp/pwm.o
                0x00000000000e9f2c                bbled_set_limit
 .text.bbled_set_delay
                0x00000000000e9f40       0x14 build/hx20/RO/chip/mchp/pwm.o
                0x00000000000e9f40                bbled_set_delay
 .text.bbled_enable
                0x00000000000e9f54       0xa4 build/hx20/RO/chip/mchp/pwm.o
                0x00000000000e9f54                bbled_enable
 .text.pwm_enable
                0x00000000000e9ff8       0x78 build/hx20/RO/chip/mchp/pwm.o
                0x00000000000e9ff8                pwm_enable
 .text.pwm_get_enabled
                0x00000000000ea070       0x3c build/hx20/RO/chip/mchp/pwm.o
                0x00000000000ea070                pwm_get_enabled
 .text.pwm_set_duty
                0x00000000000ea0ac       0x50 build/hx20/RO/chip/mchp/pwm.o
                0x00000000000ea0ac                pwm_set_duty
 .text.pwm_get_duty
                0x00000000000ea0fc       0x44 build/hx20/RO/chip/mchp/pwm.o
                0x00000000000ea0fc                pwm_get_duty
 .text.pwm_configure
                0x00000000000ea140       0x50 build/hx20/RO/chip/mchp/pwm.o
                0x00000000000ea140                pwm_configure
 .text.pwm_slp_en
                0x00000000000ea190       0x38 build/hx20/RO/chip/mchp/pwm.o
                0x00000000000ea190                pwm_slp_en
 .text.pwm_init
                0x00000000000ea1c8       0x38 build/hx20/RO/chip/mchp/pwm.o
 .text.qmspi_descr_alloc
                0x00000000000ea200       0x58 build/hx20/RO/chip/mchp/qmspi.o
 .text.qmspi_cfg_irq_start
                0x00000000000ea258       0x34 build/hx20/RO/chip/mchp/qmspi.o
                0x00000000000ea258                qmspi_cfg_irq_start
 .text.qmspi_xfr
                0x00000000000ea28c      0x190 build/hx20/RO/chip/mchp/qmspi.o
                0x00000000000ea28c                qmspi_xfr
 .text.qmspi_transaction_async
                0x00000000000ea41c       0x2c build/hx20/RO/chip/mchp/qmspi.o
                0x00000000000ea41c                qmspi_transaction_async
 .text.qmspi_transaction_flush
                0x00000000000ea448       0x94 build/hx20/RO/chip/mchp/qmspi.o
                0x00000000000ea448                qmspi_transaction_flush
 .text.qmspi_enable
                0x00000000000ea4dc       0x5c build/hx20/RO/chip/mchp/qmspi.o
                0x00000000000ea4dc                qmspi_enable
 .text.spi_dma_option
                0x00000000000ea538       0x14 build/hx20/RO/chip/mchp/spi.o
                0x00000000000ea538                spi_dma_option
 .text.spi_transaction_async
                0x00000000000ea54c       0x14 build/hx20/RO/chip/mchp/spi.o
                0x00000000000ea54c                spi_transaction_async
 .text.spi_transaction_flush
                0x00000000000ea560        0xe build/hx20/RO/chip/mchp/spi.o
                0x00000000000ea560                spi_transaction_flush
 *fill*         0x00000000000ea56e        0x2 
 .text.spi_transaction
                0x00000000000ea570       0x44 build/hx20/RO/chip/mchp/spi.o
                0x00000000000ea570                spi_transaction
 .text.spi_enable
                0x00000000000ea5b4       0x24 build/hx20/RO/chip/mchp/spi.o
                0x00000000000ea5b4                spi_enable
 .text.system_is_reboot_warm
                0x00000000000ea5d8       0x64 build/hx20/RO/chip/mchp/system.o
                0x00000000000ea5d8                system_is_reboot_warm
 .text.chip_pre_init
                0x00000000000ea63c       0x3c build/hx20/RO/chip/mchp/system.o
                0x00000000000ea63c                chip_pre_init
 .text.system_pre_init
                0x00000000000ea678       0x58 build/hx20/RO/chip/mchp/system.o
                0x00000000000ea678                system_pre_init
 .text._system_reset
                0x00000000000ea6d0       0x88 build/hx20/RO/chip/mchp/system.o
                0x00000000000ea6d0                _system_reset
 .text.system_reset
                0x00000000000ea758        0x8 build/hx20/RO/chip/mchp/system.o
                0x00000000000ea758                system_reset
 .text.system_get_chip_vendor
                0x00000000000ea760        0x8 build/hx20/RO/chip/mchp/system.o
                0x00000000000ea760                system_get_chip_vendor
 .text.system_get_chip_name
                0x00000000000ea768       0x20 build/hx20/RO/chip/mchp/system.o
                0x00000000000ea768                system_get_chip_name
 .text.system_get_chip_revision
                0x00000000000ea788       0x38 build/hx20/RO/chip/mchp/system.o
                0x00000000000ea788                system_get_chip_revision
 .text.system_get_bbram
                0x00000000000ea7c0       0x40 build/hx20/RO/chip/mchp/system.o
                0x00000000000ea7c0                system_get_bbram
 .text.system_set_bbram
                0x00000000000ea800       0x3c build/hx20/RO/chip/mchp/system.o
                0x00000000000ea800                system_set_bbram
 .text.system_hibernate
                0x00000000000ea83c      0x1b0 build/hx20/RO/chip/mchp/system.o
                0x00000000000ea83c                system_hibernate
 .text.htimer_interrupt
                0x00000000000ea9ec        0x2 build/hx20/RO/chip/mchp/system.o
                0x00000000000ea9ec                htimer_interrupt
 .text.irq_112_handler
                0x00000000000ea9ee       0x14 build/hx20/RO/chip/mchp/system.o
                0x00000000000ea9ee                irq_112_handler
 *fill*         0x00000000000eaa02        0x2 
 .text.system_get_shrspi_image_copy
                0x00000000000eaa04       0x10 build/hx20/RO/chip/mchp/system.o
                0x00000000000eaa04                system_get_shrspi_image_copy
 .text.system_get_lfw_address
                0x00000000000eaa14        0x8 build/hx20/RO/chip/mchp/system.o
                0x00000000000eaa14                system_get_lfw_address
 .text.system_set_image_copy
                0x00000000000eaa1c       0x14 build/hx20/RO/chip/mchp/system.o
                0x00000000000eaa1c                system_set_image_copy
 .text.uart_init_done
                0x00000000000eaa30        0xc build/hx20/RO/chip/mchp/uart.o
                0x00000000000eaa30                uart_init_done
 .text.uart_tx_start
                0x00000000000eaa3c       0x3c build/hx20/RO/chip/mchp/uart.o
                0x00000000000eaa3c                uart_tx_start
 .text.uart_tx_stop
                0x00000000000eaa78       0x2c build/hx20/RO/chip/mchp/uart.o
                0x00000000000eaa78                uart_tx_stop
 .text.uart_tx_flush
                0x00000000000eaaa4       0x10 build/hx20/RO/chip/mchp/uart.o
                0x00000000000eaaa4                uart_tx_flush
 .text.uart_tx_ready
                0x00000000000eaab4       0x1c build/hx20/RO/chip/mchp/uart.o
                0x00000000000eaab4                uart_tx_ready
 .text.uart_rx_available
                0x00000000000eaad0       0x10 build/hx20/RO/chip/mchp/uart.o
                0x00000000000eaad0                uart_rx_available
 .text.uart_write_char
                0x00000000000eaae0       0x30 build/hx20/RO/chip/mchp/uart.o
                0x00000000000eaae0                uart_write_char
 .text.uart_read_char
                0x00000000000eab10        0xc build/hx20/RO/chip/mchp/uart.o
                0x00000000000eab10                uart_read_char
 .text.uart_ec_interrupt
                0x00000000000eab1c        0xe build/hx20/RO/chip/mchp/uart.o
                0x00000000000eab1c                uart_ec_interrupt
 .text.irq_40_handler
                0x00000000000eab2a       0x14 build/hx20/RO/chip/mchp/uart.o
                0x00000000000eab2a                irq_40_handler
 *fill*         0x00000000000eab3e        0x2 
 .text.uart_init
                0x00000000000eab40       0x98 build/hx20/RO/chip/mchp/uart.o
                0x00000000000eab40                uart_init
 .text.watchdog_reload
                0x00000000000eabd8       0x30 build/hx20/RO/chip/mchp/watchdog.o
                0x00000000000eabd8                watchdog_reload
 .text.watchdog_init
                0x00000000000eac08       0xa4 build/hx20/RO/chip/mchp/watchdog.o
                0x00000000000eac08                watchdog_init
 .text.watchdog_check
                0x00000000000eacac       0x20 build/hx20/RO/chip/mchp/watchdog.o
                0x00000000000eacac                watchdog_check
 .text.irq_136_handler
                0x00000000000eaccc       0x12 build/hx20/RO/chip/mchp/watchdog.o
                0x00000000000eaccc                irq_136_handler
 *fill*         0x00000000000eacde        0x2 
 .text.acpi_disable_burst_deferred
                0x00000000000eace0       0x24 build/hx20/RO/common/acpi.o
 .text.acpi_ap_to_ec
                0x00000000000ead04      0x204 build/hx20/RO/common/acpi.o
                0x00000000000ead04                acpi_ap_to_ec
 .text.hc_adc_read
                0x00000000000eaf08       0x38 build/hx20/RO/common/adc.o
 .text.print_one_adc
                0x00000000000eaf40       0x30 build/hx20/RO/common/adc.o
 .text.command_adc
                0x00000000000eaf70       0x4c build/hx20/RO/common/adc.o
 .text.print_item_name
                0x00000000000eafbc       0x10 build/hx20/RO/common/battery.o
 .text.check_print_error
                0x00000000000eafcc       0x2c build/hx20/RO/common/battery.o
 .text.battery_command_cutoff
                0x00000000000eaff8       0x68 build/hx20/RO/common/battery.o
 .text.command_cutoff
                0x00000000000eb060       0x40 build/hx20/RO/common/battery.o
 .text.pending_cutoff_deferred
                0x00000000000eb0a0       0x40 build/hx20/RO/common/battery.o
 .text.clear_pending_cutoff
                0x00000000000eb0e0       0x28 build/hx20/RO/common/battery.o
 .text.check_pending_cutoff
                0x00000000000eb108       0x30 build/hx20/RO/common/battery.o
 .text.battery_is_cut_off
                0x00000000000eb138       0x10 build/hx20/RO/common/battery.o
                0x00000000000eb138                battery_is_cut_off
 .text.battery_compensate_params
                0x00000000000eb148       0x58 build/hx20/RO/common/battery.o
                0x00000000000eb148                battery_compensate_params
 .text.print_battery_debug
                0x00000000000eb1a0      0x3a0 build/hx20/RO/common/battery.o
                0x00000000000eb1a0                print_battery_debug
 .text.command_battery
                0x00000000000eb540       0x7c build/hx20/RO/common/battery.o
 .text.battery_manufacturer_name
                0x00000000000eb5bc        0x8 build/hx20/RO/common/battery.o
                0x00000000000eb5bc                battery_manufacturer_name
 .text.hc_charge_port_count
                0x00000000000eb5c4        0xe build/hx20/RO/common/charge_manager.o
 .text.is_valid_port
                0x00000000000eb5d2       0x1a build/hx20/RO/common/charge_manager.o
 .text.charge_manager_is_seeded
                0x00000000000eb5ec       0x50 build/hx20/RO/common/charge_manager.o
 .text.is_pd_port
                0x00000000000eb63c       0x18 build/hx20/RO/common/charge_manager.o
 .text.charge_manager_init
                0x00000000000eb654       0x60 build/hx20/RO/common/charge_manager.o
 .text.charge_override_timeout
                0x00000000000eb6b4       0x14 build/hx20/RO/common/charge_manager.o
 .text.charger_detect_debounced
                0x00000000000eb6c8        0x6 build/hx20/RO/common/charge_manager.o
 *fill*         0x00000000000eb6ce        0x2 
 .text.charge_manager_get_best_charge_port
                0x00000000000eb6d0      0x148 build/hx20/RO/common/charge_manager.o
 .text.charge_supplier_info
                0x00000000000eb818       0x38 build/hx20/RO/common/charge_manager.o
 .text.find_supplier.constprop.0
                0x00000000000eb850       0x64 build/hx20/RO/common/charge_manager.o
 .text.charge_manager_leave_safe_mode
                0x00000000000eb8b4       0x44 build/hx20/RO/common/charge_manager.o
                0x00000000000eb8b4                charge_manager_leave_safe_mode
 .text.charge_manager_set_ceil
                0x00000000000eb8f8       0x48 build/hx20/RO/common/charge_manager.o
                0x00000000000eb8f8                charge_manager_set_ceil
 .text.charge_manager_get_charger_current
                0x00000000000eb940        0xc build/hx20/RO/common/charge_manager.o
                0x00000000000eb940                charge_manager_get_charger_current
 .text.charge_manager_get_power_limit_uw
                0x00000000000eb94c       0x24 build/hx20/RO/common/charge_manager.o
                0x00000000000eb94c                charge_manager_get_power_limit_uw
 .text.board_charge_port_is_sink
                0x00000000000eb970        0x4 build/hx20/RO/common/charge_manager.o
                0x00000000000eb970                board_charge_port_is_sink
 .text.is_sink  0x00000000000eb974       0x20 build/hx20/RO/common/charge_manager.o
 .text.charge_manager_refresh
                0x00000000000eb994      0x200 build/hx20/RO/common/charge_manager.o
 .text.charge_manager_set_override
                0x00000000000ebb94       0x9c build/hx20/RO/common/charge_manager.o
                0x00000000000ebb94                charge_manager_set_override
 .text.hc_charge_port_override
                0x00000000000ebc30       0x28 build/hx20/RO/common/charge_manager.o
 .text.command_charge_port_override
                0x00000000000ebc58       0x4c build/hx20/RO/common/charge_manager.o
 .text.charge_manager_make_change
                0x00000000000ebca4      0x174 build/hx20/RO/common/charge_manager.o
 .text.charge_manager_update_charge
                0x00000000000ebe18       0x1e build/hx20/RO/common/charge_manager.o
                0x00000000000ebe18                charge_manager_update_charge
 .text.pd_set_input_current_limit
                0x00000000000ebe36       0x16 build/hx20/RO/common/charge_manager.o
                0x00000000000ebe36                pd_set_input_current_limit
 .text.typec_set_input_current_limit
                0x00000000000ebe4c       0x48 build/hx20/RO/common/charge_manager.o
                0x00000000000ebe4c                typec_set_input_current_limit
 .text.charge_manager_update_dualrole
                0x00000000000ebe94       0x34 build/hx20/RO/common/charge_manager.o
                0x00000000000ebe94                charge_manager_update_dualrole
 .text.board_charge_port_is_connected
                0x00000000000ebec8        0x4 build/hx20/RO/common/charge_manager.o
                0x00000000000ebec8                board_charge_port_is_connected
 .text.board_fill_source_power_info
                0x00000000000ebecc       0x1c build/hx20/RO/common/charge_manager.o